>pipelines/AmpliconNoise/output_s60_c01_0_1
ATTAGATACCCCGGTAGTCCACGCCGTAAACGATGGATGCTAGCCGTTAGGCAGCTTGCTGCCTAGTGGCGCAGCTAACGCTTTAAGCATCCCGCCTGGGGAGTACGGTCGTAAGATTAAAACTCAAAGGAATTGACGGGGGCCCGCACAAGCGGTGGAGCATGTGGTTTAATTCGAAGCAACGCGCAGAACCTTACCAGCTTTTGACATGTCCTGGACG
>pipelines/AmpliconNoise/output_s60_c01_1_2
ATTAGATACCCCGGTAGTCCACGCCGTAAACGATGGATGCTAGCCGTTAGGCAGCTTGCTGCTTAGTGGCGCAGCTAACGCTTTAAGCACCCCGCCCGGGGAGTACGGTCGCAAGATTAAAACTCAAAGGAATTGACGGGGGCCCGCACAAGCGGTGGAGCATGTGGTTTAATTCGAAGCAACGCGCAGAACCTTACCAGCTTTTGACATGTCCTGGACG
>pipelines/AmpliconNoise/output_s60_c01_2_1
ATTAGATACCCGGGTAGTCCACGCCGTAAACGATGGATGCTAGCCGTTAGGCAGCTTGCTGCTTAGTGGCGCAACTAACGCTTTAAGCATTCCGCCTGGGGAGTACGGTCGCAAGATTAAAACTCAAAGGAATTGACGGGGGCCCGCACAAGCGGTGGAGCATGTGGTTTAATTCGAAGCAACGCGCAGAACCTTACCAGCTTTTGACATGTCCTGGACG
>pipelines/AmpliconNoise/output_s60_c01_3_1
ATTAGATACCCAGGTAGTCCACGCCGTAAACGATGGATGCTAGCCGTTAGGCAGCCTGCTGCTTAGTGGCGCGGCTAACGCTTTAAGCATCCCGCCTGGGGAGTACGGTCGCAAGATTAAAACTCAAAGGAATTGACGGGGGCCCGCACAAGCGGTGGAGCATGTGGTTTAATTCGAAGCAACGCGCAGAACCTTACCAGCTTTTGACATGTCCTGGACG
>pipelines/AmpliconNoise/output_s60_c01_4_2
ATTAGATACCCTGGTAGTCCACGCCGTAAACGATGGATGCTAGCCGCTAGGCAGCTTGCTGCTTAGTGGCGCAGCTAACGCTTTAAGCATCCCGCCTGGGGAGTACGGTCGCAAGATTAAAACTCAAAGGAATTGACGGGGGCCCGCACAAGCGGTGGAGCATGTGGTTTAATTCGAAGCAACGCGCAGAACCTTACCAGCTTTTGACATGTCCTGGACG
>pipelines/AmpliconNoise/output_s60_c01_5_1
ATTAGATACCCAGGTAGTCCACGCCGCAAACGATGGATGCTAGCCGTTAGGCAGCTTGCTGCTTAGTGGCGCAGCTAACGCTTTAAGCATCCCGCCTGGGGAGTACGGTCGCAAGATTAAAACTCAAAGGAATTGACGGGGGCCCGCACAAGCGGTGGAGCATGTGGTTTAATTCGAAGCAACGCGCAGAACCTTACCAGCTTTTGACATGTTCTGGACG
>pipelines/AmpliconNoise/output_s60_c01_6_2
ATTAGATACCCGGGTAGTCCACGCCGCAAACGATGGATGCTAGCCGTTAGGCAGCTTGCTGCTTAGTGGCGCAGCTAACGCTTTAAGCATCCCGCCTGGGGAGTACGGTCGCAAGATTAAAACTCAAAGGAATTGACGGGGGCCCGCACAAGCGGTGGAGCATGTGGTTTAATTCGAAGCAACGCGCAGAACCTTACCAGCTTTTGACATGTCCCGGACG
>pipelines/AmpliconNoise/output_s60_c01_7_43
ATTAGATACCCGGGTAGTCCACGCCGTAAACGATGGATGCTAGCCGTTAGGCAGCTTGCTGCTTAGTGGCGCAGCTAACGCTTTAAGCATCCCGCCTGGGGAGTACGGTCGCAAGATTAAAACTCAAAGGAATTGACGGGGGCCCGCACAAGCGGTGGAGCATGTGGTTTAATTCGAAGCAACGCGCAGAACCTTACCAGCTTTTGACATGTCCTGGACG
>pipelines/AmpliconNoise/output_s60_c01_8_1
ATTAGATACCCAGGTAGTCCACGCCGTAAACGATGGATGCTAGCCGTTAGGCAGCTTGCTGCTTAGTGGCGCAGCTAACGCTTTAAGCATCCCGCCTGGGGAGTACGGTCGCAAAGATTAAAACTCAAAGGAATTGACGGGGGCCCGCACAAGCGGTGGAGCATGTGGTTTAATTCGAAGCAACGCGCAGAACCTTGCCAGCTTTTGACATGTCCTGGAC
>pipelines/AmpliconNoise/output_s60_c01_9_1
ATTAGATACCCTGGTAGTCCACGCCGTAAACGATGGATGCTAGCCGTTAGGCAGCTTGCTGCTTAGTGGCGCAGCTAACGCTTTAGGCATCCCGCCTGGGGAGTACGGTCGCAAGATTAAAACTCAAAGGAATTGACGGGGGCCCGCACAAGCGGTGGAGCATGTGGTTTAATTCGAAGCAACGCGCGGAACCTTACCAGCTTTTGACATGTCCTGGACG
>pipelines/AmpliconNoise/output_s60_c01_10_1
ATTAGATACCCAGGTAGTCCACGCCGTAAACGATGGATGCTAGCCGTTAGGCAGCTTGCTGCTTAGTGGCGCAGCTAACGCTTTAAGCATCCCGCCTGGGGAGTACGGTCGCAAGATTAAAACTCAAAGAAATTGACGGGGGCCCGCACAAGCGGTGGAGCATGCGGTTTAATTCGAAGCAACGCGCAGAACCTTACCAGCTTTTGACATGTCCTGGACG
>pipelines/AmpliconNoise/output_s60_c01_11_31
ATTAGATACCCAGGTAGTCCACGCCGTAAACGATGGATGCTAGCCGTTAGGCAGCTTGCTGCTTAGTGGCGCAGCTAACGCTTTAAGCATCCCGCCTGGGGAGTACGGTCGCAAGATTAAAACTCAAAGGAATTGACGGGGGCCCGCACAAGCGGTGGAGCATGTGGTTTAATTCGAAGCAACGCGCAGAACCTTACCAGCTTTTGACATGTCCTGGACG
>pipelines/AmpliconNoise/output_s60_c01_12_1
ATTAGATACCCTGGTAGTCCACGCCGTAAACGATGGATGCTAGCCGTTAGGCAGCTTGCTGCTCAGTGGCGCAGCTAACGCTTTAAGCATCCCGCCTGGGGAGTACGGTCGCAAGATTAAAACTCAAAGGAATTGACGGGGGCCCGCACAAGCGGTGGAGCATGTGGTTTAATTTGAAGCAACGCGCAGAACCTTACCAGCTTTTGACATGTCCTGGACG
>pipelines/AmpliconNoise/output_s60_c01_13_1
ATTAGATACCCCGGTAGTCCACGCCGTAAACGATGGATGCTAGCCGTTAGGCAGCTTGCTGCTTAGTGGCGCAACTAACGCTTTAAGCATCCCGCCTGGGGAGTACGGTCGCAAGATTAAAACTCAAAGGAATTGACGGGGGCCCGCACAAGCGGTGGAGCATGTGGTTTAATTCGAAGCAACGCGCAGAACCTTACCAGCTTTTGACATGTCCTGGACG
>pipelines/AmpliconNoise/output_s60_c01_14_1
ATTAGATACCCCGGTAGTCCACGCCGTAAACGATGGATGCTAGCCGTTAGGCAGCTTGCTGCTTAGTGGCGCAGCTAACGCTTTAAGCGTCCCGCCTGGGGAGTACGGTCGCAAGATTAAAACTCAAAGGAATTGACGGGGGCCCGCACAAGCGGTGGAGCATGTGGTTTAATTCGAAGCAACGCGCAGAACCTTACCAGCTTTTGACATGTCCTGGACG
>pipelines/AmpliconNoise/output_s60_c01_15_1
ATTAGATACCCCGGTAGTCCACGCCGTAAACGATGGATGCTAGCCGTTAGGCAGCTTGCTACTTAGTGGCGCAGCTAACGCTTTAAGCATCCCGCCTGGGGAGTACGGTCGCAAGATTAAAACTCAAAGGAATTGACGGGGGCCCGCACAAGCGGTGGAGCATGTGGTTTAATTCGAAGCAACGCGCAGAACCTTACCAGCTTTTGACATGTCCTGGACG
>pipelines/AmpliconNoise/output_s60_c01_16_1
ATTAGATACCCCGGTAGTCCACGCCGTAAACGATGGATGCTAGCCGTTAGGCAGCTTGCTGCTTAGTGGCGCAGCTAACGCTTTAAGCATCCCGCCTGGGGAGTACGGTCGCAAGATTAAAACCCAAAGGAATTGACGGGGGCCCGCACAAGCGGTGGAGCATGTGGTTTAATTCGAAGCAACGCGCAGAACCTTACCAGCTTTTGACATGTCCTGGACG
>pipelines/AmpliconNoise/output_s60_c01_17_7
ATTAGATACCCCGGTAGTCCACGCCGTAAACGATGGATGCTAGCCGTTAGGCAGCTTGCTGCTTAGTGGCGCAGCTAACGCTTTAAGCATCCCGCCTGGGGAGTACGGTCGCAAGATTAAAACTCAAAGGAATTGACGGGGGCCCGCACAAGCGGTGGAGCATGTGGTTTAATTCGAAGCAACGCGCAGAACCTTACCAGCTTTTGACATGTCCTGGACG
>pipelines/AmpliconNoise/output_s60_c01_18_6
ATTAGATACCCGGGTAGTCCACGCCGTAAACGATGGATGCTAGCCGTTAGGCAGCTTGCTGCTTAGTGGCGCAGCTAACGCTTTAAGCATCCCGCCTGGGGAGTACGGTCGCAAGATTAAAACTCAAAGGAATTGACGGGGGCCCGCACAAGCGGTGGAGCATGTGGTTTAATTCGAAGCAACGCGCAGAACCTTACCAGCTTTTGACATGTCCTGGACG
>pipelines/AmpliconNoise/output_s60_c01_19_5
ATTAGATACCCTGGTAGTCCACGCCGTAAACGATGGATGCTAGCCGTTAGGCAGCTTGCTGCTTAGTGGCGCAGCTAACGCTTTAAGCATCCCGCCTGGGGAGTACGGTCGCAAGATTAAAACTCAAAGGAATTGACGGGGGCCCGCACAAGCGGTGGAGCATGTGGTTTAATTCGAAGCAACGCGCAGAACCTTACCAGCTTTTGACATGTCCTGGACG
>pipelines/AmpliconNoise/output_s60_c01_20_1
ATTAGATACCCTGGTAGTCCACGCCGTAAACGATGGATGCTAGCCGTTAGGCAGCTTGCTGCTTAGTGGCGCAGTTAACGCTTTAAGCATCCCGCCTGGGGAGTACGGTCGCAAGATTAAAACTCAAAGGAATTGACGGGGGCCCGCACAAGCGGTGGAGCATGTGGTTTAATTCGAAGCAACGCGCAGAACCTTACCAGCTTTTGACATGTCCTGGACG
>pipelines/AmpliconNoise/output_s60_c01_21_1
ATTAGATACCCTGGTAGTCCACGCCGTAAACGGTGGATGCTAGCCGTTAGGCAGCTTGCTGCTTAGTGGCGCAGCTAACGCTTTAAGCATCCCGCCTGGGGAGTACGGTCGCAAGATTAAAACTCAAAGGAATTGACGGGGGCCCGCACAAGCGGTGGAGCATGTGGTTTAATTCGAAGCAACGCGCAGAACCTTACCAGCTTTTGACATGTCCTGGACG
>pipelines/AmpliconNoise/output_s60_c01_22_1
ATTAGATACCCTGGTAGTCCACGCCGTAAACGATGGATGCTAGCCGTTAGGCAGCTTGCTGCTTAGTGGCGCAGCTAACGCTTTAAGCATCCCGCCTGGGGAGTACGGTCGCAAGATTAAAACTCAAAGGAATTGACGGGGGCCCGTACAAGCGGTGGAGCATGTGGTTTAATTCGAAGCAACGCGCAGAACCTTACCAGCTTTTGACATGTCCTGGACG
>pipelines/AmpliconNoise/output_s60_c01_23_1
ATTAGATACCCTGGTAGTCCACGCCGTAAACGATGGATGCTAGCCGTTAGGCAGCTTGCTGCTTAGTGGCGCAGCTAACGCTTTAAGCATCCCGCCTGGGGAGTACGGTCGCAAGATTAAAACTCAAAGGAATTGACGGGGGCCCGCACAAGCGGTGGAGCATGTGGTTTAATTCGAAGCAACGCGCAGAACCTTACCAGCTTTTGACATGTCCTGGACG
>pipelines/AmpliconNoise/output_s60_c01_24_1
ATTAGATACCCTGGTAGTCCACGCCGTAAACGATGGATGCTAGCCGTTAGGCGGCTTGCTGCTTAGTGGCGCAGCTAACGCTTTAAGCATCCCGCCTGGGGAGTACGGTCGCAAGATTAAAACTCAAAGGAATTGACGGGGGCCCGCACAAGCGGTGGAGCATGTGGTTTAATTCGAAGCAACGCGCAGAACCTTACCAGCTTTTGACATGTCCTGGACG
>pipelines/AmpliconNoise/output_s60_c01_25_1
ATTAGATACCCTGGTAGTCCACGCCGTAAACGATGGATGCTAGCCGTTAGGCAGCTTGCTGCTTAGTGGCGCGGCTAACGCTTTAAGCATCCCGCCTGGGGAGTACGGTCGCAAGATTAAAACTCAAAGGAATTGACGGGGGCCCGCACAAGCGGTGGAGCATGTGGTTTAATTCGAAGCAACGCGCAGAACCTTACCAGCTTTTGACATGTCCTGGACG
>pipelines/AmpliconNoise/output_s60_c01_26_1
ATTAGATACCCAGGTAGTCCACGCCGTAAACGATGGATGCTAGCCGTTAGGCAGCTTGCTGCTTAGTGGCGCAGCTAACGCTTTAAGCATCCCGCCTGGGGGGTACGGTCGCAAGATTAAAACTCAAAGGAATTGACGGGGGCCCGCACAAGCGGTGGAGCATGTGGTTTAATTCGAAGCAACGCGCAGAACCTTACCAGCTTTTGACATGTCCTGGACG
>pipelines/AmpliconNoise/output_s60_c01_27_1
ATTAGATACCCTGGTAGTCCACGCCGTAAACGATGGATGCTAGCCGTTAGGCAGCTTGCTGCTTAGTGGCGCAGCTAACGCTCTAAGCATCCCGCCTGGGGAGTACGGTCGCAAGATTAAAACTCAAAGGAATTGACGGGGGCCCGCACAAGCGGTGGAGCATGTGGTTTAATTCGAAGCAACGCGCAGAACCTTACCAGCTTTTGACATGTCCTGGACG
>pipelines/AmpliconNoise/output_s60_c01_28_1
ATTAGATACCCTGGTAGTCCACGCCGTAAACGATGGATGCTAGCCGTTAGGCAGCTTGCTGCTTAGTGGCGCAGCTAACGCTCTAAGCATCCCGCCTGGGGAGTACGGTCGCAAGATTAAAACTCAAAGGAATTGACGGGGGCCCGCACAAGCGGTGGAGCATGTGGTTTAATTCGAAGCAACGCGCAGAACCTTACCAGCTTTTGACATGTCCTGGGCG
>pipelines/AmpliconNoise/output_s60_c01_29_72
ATTAGATACCCTGGTAGTCCACGCCGTAAACGATGGATGCTAGCCGTTAGGCAGCTTGCTGCTTAGTGGCGCAGCTAACGCTTTAAGCATCCCGCCTGGGGAGTACGGTCGCAAGATTAAAACTCAAAGGAATTGACGGGGGCCCGCACAAGCGGTGGAGCATGTGGTTTAATTCGAAGCAACGCGCAGAACCTTACCAGCTTTTGACATGTCCTGGACG
>pipelines/AmpliconNoise/output_s60_c01_30_1
ATTAGATACCCTGGTAGTCCACGCCGTAAACGATGGATGCTAGCCGTTAGGCAGCTTGCTGCTTAGTGGCGCAGCTAACGCTTTAAGCATCCCGCCTGGGGAGTACGGTCGCAAGATTAAAACTCAAAGGAATTGACGGGGGCCCGCACAAGCGGTGGAGCATGTGGTTTAATTCGAAGCAACGCGCAGAACCTTGCCAGCTTTTGACATGTCCTGGACG
>pipelines/AmpliconNoise/output_s60_c01_31_1
ATTAGATACCCTGGTAGTCCACGCCGTAAACGATGGATGCTAGCCGTTAGGCAGCTTGCTGCTTAGTGGCGCAGCTAACGCTTTAAGCATCCCGCCTGGGGAGTACGGTCGCAAGATTAAAACTCAAAGGAATTGACGGGGGCCCGCACAAGCGGTGGAGCATGTGGTTTAATTCGAAGCAACGCGTAGAACCTTACCAGCTTTTGACATGTCCTGGACG
>pipelines/AmpliconNoise/output_s60_c01_32_1
ATTAGATACCCTGGTAGTCCACGCCGTAAACGATGGACGCTAGCCGTTAGGCAGCTTGCTGCTTAGTGGCGCAGCTAACGCTTTAAGCATCCCGCCTGGGGAGTACGGTCGCAAGATTAAAACTCAAAGGAATTGACGGGGGCCCGCACAAGCGGTGGAGCATGTGGTTTAATTCGAAGCAACGCGCAGAACCTTACCAGCTTTTGACATGTCCTGGACG
>pipelines/AmpliconNoise/output_s60_c01_33_36
ATTAGATACCCCGGTAGTCCACGCCGTAAACGATGGATGCTAGCCGTTAGGCAGCTTGCTGCTTAGTGGCGCAGCTAACGCTTTAAGCATCCCGCCTGGGGAGTACGGTCGCAAGATTAAAACTCAAAGGAATTGACGGGGGCCCGCACAAGCGGTGGAGCATGTGGTTTAATTCGAAGCAACGCGCAGAACCTTACCAGCTTTTGACATGTCCTGGACG
>pipelines/AmpliconNoise/output_s60_c01_34_1
ATTAGATACCCCGGTAGTCCACGCCGTAAACGATGGATGCTAGCAGTTAGGCAGCTTGCTGCTTAGTGGCGCAGCTAACGCTTTAAGCATCCCGCCTGGGGAGTACGGTCGCAAGATTAAAACTCAAAGGAATTGACGGGGGCCCGCACAAGCGGTGGAGCATGTGGTTTAATTCGAAGCAACGCGCAGAACCTTACCAGCTTTTGACATGTCCTGGACG
>pipelines/AmpliconNoise/output_s60_c01_35_1
ATTAGATACCCCGGTAGTCCACGCCGTAAACGATGGATGCTAGCCGTTAGGCAGCTTGCTGCTTAGTGGCGCAGCTAACGCTTTAAGCATCCCGCCTGGGGAGTACGGTCGCAAGATTAAAACTCAAAGGAATTGACGGGGGCCCGCACAAGCGGTGGAGCATGTGGTTTAATTCGAAGCAACGCGCAGAACCTTACCAGCTTTTGACATGTCCTGGACG
>pipelines/AmpliconNoise/output_s60_c01_36_1
ATTAGATACCCCGGTAGTCCACGCCGTAAACGATGGATGCTAGCCGTTAGGCAGCTTGCTGCTTAGTGGCGCAGCTAACGCTTTAAGCATCCCGCCTGGGGAGTACGGTCGCAAGATTAAAACTCAAAGGAATTGACGGGGGCCCGCACAAGCGGTGGAGCATGTGGTTTAATTCGAAGCAACGCGCAGAACCTTACCAGCTTTTGACATGTCCCGGACG
>pipelines/AmpliconNoise/output_s60_c01_37_1
ATTAGATACCCGGGTAGTCCACGCCGTAAACGATGGATGCTAGCCGTTAGGCAGCTTGCTGCTTAGTGGCGCAGCTAACGCTTTAAGCATCCCGCCTGGGGAGTACGGTCGCAAGATTAAAACTCAAAGGAATTGACGGGGGCCCGCACAAGCGGTGGAGCATGTGGTTTAATTCGAAGTAACGCGCAGAACCTTACCAGCTTTTGACATGTCCTGGACG
>pipelines/AmpliconNoise/output_s60_c01_38_1
ATTAGATACCCGGGTAGTCCACGCCGTAGACGATGGATGCTAGCCGTTAGGCAGCTTGCTGCTTAGTGGCGCAGCTAACGCTTTAAGCATCCCGCCTGGGGAGTACGGTCGCAAGATTAAAACTCAAAGGAATTGACGGGGGCCCGCACAAGCGGTGGAGCATGTGGTTTAATTCGAAGCAACGCGCAGAACCTTACCAGCTTTTGACATGTCCTGGACG
>pipelines/AmpliconNoise/output_s60_c01_39_1
ATTAGATACCCGGGTAGTCCACGCCGTAAACGATGGATGCTAGCCGTTAGGCAGCTTGCTGCTTAGTGGCGCAGCTAACGCTTTAAGCATCCCGCCTGGGGAGTACGGTCGCAAGATTAGAACTCAAAGGAATTGACGGGGGCCCGCACAAGCGGTGGAGCATGTGGTTTAATTCGAAGCAACGCGCAGAACCTTACCAGCTTTTGACATGTCCTGGACG
>pipelines/AmpliconNoise/output_s60_c01_40_1
ATTAGATACCCAGGTAGTCCACGCCGTAAACGATGAATGCTAGCCGTTGGCAAGCTTGCTTGTCAGTGGCGCAGCTAACGCTTTAAGCATTCCGCCTGGGGAGTACGGTCGCAAGATTAAAACTCAAAGGAATTGACGGGGGCCCGCACAAGCGGTGGAGCATGTGGTTTAATTCGAAGCAACGCGCAGAACCTTACCAGCTTTTGACATGTCCGGTTTG
>pipelines/AmpliconNoise/output_s60_c01_41_1
ATTAGATACCCTGGTAGTCCACGCCGTAAACGATGAATGCTAGCCGTTGGCAAGCTTGCTTGTCAGTGGCGCAGCTAACGCTTTAAGCATTCCGCCTGGGGAGTACGGTCGCAAGATTAAAACTCAAAGGAATTGACGGGGGCCCGCACAAGCGGTGGAGCATGTGGTTTAATTCGAAGCAACGCGCAGAACCTTGCCAGCTTTTGACATGTCCGGTTTG
>pipelines/AmpliconNoise/output_s60_c01_42_1
ATTAGATACCCGGGTAGTCCACGCCGTAAACGATGAATGCTAGCCGTTGGCAAGCTTGCTTGTCAGTGGCGCAGCTAACGCTTTAAGCATTCCGCCTGGGGAGTACGGTCGCAAGATTAAAACTCAAAGAAATTGACGGGGGCCCGCACAAGCGGTGGAGCATGTGGTTTAATTCGAAGCAACGCGCAGAACCTTACCAGCTTTTGACATGTCCGGTTTG
>pipelines/AmpliconNoise/output_s60_c01_43_1
ATTAGATACCCGGGTAGTCCACGCCGTAAACGATGAATGCTAGCCGTTGGCAAGCTTGCTCGTCAGTGGCGCAGCTAACGCTTTAAGCATTCCGCCTGGGGAGTACGGTCGCAAGATTAAAACTCAAAGGAATTGACGGGGGCCCGCACAAGCGGTGGAGCATGTGGTTTAATTCGAAGCAACGCGCAGAACCTTACCAGCTTTTGACATGTCCGGTTTG
>pipelines/AmpliconNoise/output_s60_c01_44_5
ATTAGATACCCGGGTAGTCCACGCCGTAAACGATGAATGCTAGCCGTTGGCAAGCTTGCTTGTCAGTGGCGCAGCTAACGCTTTAAGCATTCCGCCTGGGGAGTACGGTCGCAAGATTAAAACTCAAAGGAATTGACGGGGGCCCGCACAAGCGGTGGAGCATGTGGTTTAATTCGAAGCAACGCGCAGAACCTTACCAGCTTTTGACATGTCCGGTTTG
>pipelines/AmpliconNoise/output_s60_c01_45_1
ATTAGATACCCGGGTAGTCCACGCCGTAGACGATGAATGCTAGCCGTTGGCAAGCTTGCTTGTCAGTGGCGCAGCTAACGCTTTAAGCATTCCGCCTGGGGAGTACGGTCGCAAGATTAAAACTCAAAGGAATTGACGGGGGCCCGCACAAGCGGTGGAGCATGTGGTTTAATTCGAAGCAACGCGCAGAACCTTACCAGCTTTTGACATGTCCGGTTTG
>pipelines/AmpliconNoise/output_s60_c01_46_1
ATTAGATACCCGGGTAGTCCACGCCGTAAACGATGAATGCTAGCCGTTGGCAAGCTTGCTTGTCAGTGGCGCAGCTAACGCTTTAAGCATTCCGCCTGGGGAGTGCGGTCGCAAGATTAAAACTCAAAGGAATTGACGGGGGCCCGCACAAGCGGTGGAGCATGTGGTTTAATTCGAAGCAACGCGCAGAACCTTACCAGCTTTTGACATGTCCGGTTTG
>pipelines/AmpliconNoise/output_s60_c01_47_3
ATTAGATACCCGGGTAGTCCACGCCGTAAACGATGAATGCTAGCCGTTGGCAAGCTTGCTTGTCAGTGGCGCAGCTAACGCTTTAAGCATTCCGCCTGGGGAGTACGGTCGCAAGATTAAAACTCAAAGGAATTGACGGGGGCCCGCACAAGCGGTGGAGCATGTGGTTTAATTCGGAGCAACGCGCAGAACCTTACCAGCTTTTGACATGTCCGGTTTG
>pipelines/AmpliconNoise/output_s60_c01_48_17
ATTAGATACCCCGGTAGTCCACGCCGTAAACGATGAATGCTAGCCGTTGGCAAGCTTGCTTGTCAGTGGCGCAGCTAACGCTTTAAGCATTCCGCCTGGGGAGTACGGTCGCAAGATTAAAACTCAAAGGAATTGACGGGGGCCCGCACAAGCGGTGGAGCATGTGGTTTAATTCGAAGCAACGCGCAGAACCTTACCAGCTTTTGACATGTCCGGTTTG
>pipelines/AmpliconNoise/output_s60_c01_49_2
ATTAGATACCCCGGTAGTCCACGCCGTAAACGATGAATGCTAGCCGTTGGCAAGCTTGCTTGTCAGTGGCGCAGCTAACGCTTTAAGCATTCCGCCTGGGGAGTACGGTCGCAAGATTAAAACTCAAAGGAATTGACGGGGGCCCGCACAAGCGGTGGAGCATGTGGTTTAATTCGAAGCAACGCGCAGAACCTTACCAGCTTTTGACATGTCCGGATTG
>pipelines/AmpliconNoise/output_s60_c01_50_1
ATTAGATACCCCGGTAGTCCACGCCGTAAACGATGAATGCTAGCCGTTGGCAAGCTTGCTTGTCAGTGGCGCAGCTAACGCTTTAAGCATTCCGCCTGGGGAGTACGGTCGCAAGATTAAAACTCAAAGGAATTGACGGGGGCCCGCACAAGCGGTGGAGCATGTGGTTTAATTCGAAGCAACGCGCAGAACCTTACCAGCTTTTGACATGTCCGGTTTG
>pipelines/AmpliconNoise/output_s60_c01_51_1
ATTAGATACCCCGGTAGTCCACGCCGTAAACGATGAATGCTAGCCGTTGGCAAGCTTGCTTGTCAGTGGCGCAGCTAACGCTTTAAGCATTCCGCCTGGGGAGTACGGTCGCAAGATTAAAACTCAAAGGAATTGACGGGGGCCCGCACAAGCGGTGGAGCATGTGGTCTAATTCGAAGCAACGCGCAGAACCTTACCAGCTTTTGACATGTCCGGTTTG
>pipelines/AmpliconNoise/output_s60_c01_52_1
ATTAGATACCCAGGTAGTCCACGCCGTAAACGATGAATGCTAGCCGTTGGCAAGCTTGCTTGTCAGTGGCGCAGCTAACGCTTTAAGCATTCCGCCTGGGGAGTACGGTCGCAAGATTAAAACTCAAAGGAATTGACAGGGGCCCGCACAAGCGGTGGAGCATGTGGTTTAATTCGAAGCAACGCGCAGAACCTTACCAGCTTTTGACATGTCCGGTTTG
>pipelines/AmpliconNoise/output_s60_c01_53_12
ATTAGATACCCAGGTAGTCCACGCCGTAAACGATGAATGCTAGCCGTTGGCAAGCTTGCTTGTCAGTGGCGCAGCTAACGCTTTAAGCATTCCGCCTGGGGAGTACGGTCGCAAGATTAAAACTCAAAGGAATTGACGGGGGCCCGCACAAGCGGTGGAGCATGTGGTTTAATTCGAAGCAACGCGCAGAACCTTACCAGCTTTTGACATGTCCGGTTTG
>pipelines/AmpliconNoise/output_s60_c01_54_1
ATTAGATACCCTGGTAGTCCACGCCGTAAACGATGAATGCTAGCCGTTGGCAAGCTTGCTTGTCAGTGGCGCAGCTAACGCTTTAAGCATTCCGCCTGGGGAGTACGGTCGCAAGATTAAAACTCAAAGGAATTGACGGGGGCCCGCACATGCGGTGGAGCATGTGGTTTAATTCGAAGCAACGCGCAGAACCTTACCAGCTTTTGACATGTCCGGTTTG
>pipelines/AmpliconNoise/output_s60_c01_55_15
ATTAGATACCCTGGTAGTCCACGCCGTAAACGATGAATGCTAGCCGTTGGCAAGCTTGCTTGTCAGTGGCGCAGCTAACGCTTTAAGCATTCCGCCTGGGGAGTACGGTCGCAAGATTAAAACTCAAAGGAATTGACGGGGGCCCGCACAAGCGGTGGAGCATGTGGTTTAATTCGAAGCAACGCGCAGAACCTTACCAGCTTTTGACATGTCCGGTTTG
>pipelines/AmpliconNoise/output_s60_c01_56_2
ATTAGATACCCGGGTAGTCCACGCCGTAAACGATGAATGCCAGCCGTTGGCAAGCTTGCTTGTCAGTGGCGCAGCTAACGCTTTAAGCATTCCGCCTGGGGAGTACGGTCGCAAGATTAAAACTCAAAGGAATTGACGGGGGCCCGCACAAGCGGTGGAGCATGTGGTTTAATTCGAGGCAACGCGCAGAACCTTACCAGCTTTTGACATGTCCGGTTTG
>pipelines/AmpliconNoise/output_s60_c01_57_1
ATTAGATACCCGGGTAGTCCACGCCGTAAACTATGGAAGCTAGCCGTCGGTCAGCTTGCTGAGTGGTGGCGCAGCTAACGCATTAAGCTTCCCGCCTGGGGAGTACGGTCGCAAGATTAAAACTACAAAGGAAATTGACGGGGGCCCGGCACAAGCGGTGGAGCATGTGGTTTAATTCGAAGCAACGCGCAGAACCTTACCTACCCTTGACATGTCCAGT
>pipelines/AmpliconNoise/output_s60_c01_58_168
ATTAGATACCCTGGTAGTCCACGCCGTAAACTATGGAAGCTAGCCGTCAGTCAGCTTGCTGAGTGGTGGCGCAGCTAACGCATTAAGCTTCCCGCCTGGGGAGTACGGTCGCAAGATTAAAACTCAAAGGAATTGACGGGGGCCCGCACAAGCGGTGGAGCATGTGGTTTAATTCGAAGCAACGCGCAGAACCTTACCTACCCTTGACATGTCCAGTATG
>pipelines/AmpliconNoise/output_s60_c01_59_1
ATTAGATACCCGGGTAGTCCACGCCGTAAACTATGGAAGCTAGCCGTCAGTCAGCTTGCTGAGTGGTGGCGCAGCTAACGCATTAAGCTTCCCGCCTGGGGAGTACGGTCGCAAGATTAAAACTCAAAGGAATTGACGGGGGCCTGCACAAGCGGTGGAGCATGTGGTTCAATTCGAAGCAACGCGCAGAACCTTACCTACCCTTGACATGTCCAGTATG
>pipelines/AmpliconNoise/output_s60_c01_60_1
ATTAGATACCCGGGTAGTCCACGCCGTAAACTATGGAAGCTAGCCGTCAGTCAGCTTGCTGAGTGGTGGCGCAGCTAACGCATTAAGCTTCCCGCCTGGGGAGTACGGTCGCAAGATTAAAACTCAAAGGAATTGACGGGGGCCCGCACAAGTGGTGGAGCATGTGGTTTAGTTCGAAGCGACGCGCAGAACCTTACCTACCCTTGACATGTCCAGTATG
>pipelines/AmpliconNoise/output_s60_c01_61_1
ATTAGATACCCTGGTAGTCCACGCCGTAAACTATGGAAGCTAGCCGTCAGTCAGCTTGCTGAGTGGTGGCGCAGCTAACGCATTAAGCTTCCCGCCTGGGGAGTACGGTCGCAAGATTAAAACTCAAAGGAACTGACGGGGGCCCGCACAAGCGGTGGAGCATGTGGTTTAATTCGAAGCGACGCGCAGAACCTTACCTACCCTTGACATGTCCAGCATG
>pipelines/AmpliconNoise/output_s60_c01_62_1
ATTAGATACCCAGGTAGTCCACGCCGTAAACTATGGAAGCTAGCCGTCAGTCAGCTTGCTGAGTGGTGGCGCAGCTAACGCATTAAGCTTCCCGCCTGGGGAGTACGGTCGCAAGATTAAAACTCAAAGGAATTGACGGGGGCCCGCACAAGCGGTGGAGCATGTGGTTTAATTCGAAGCGACGCGCAGAACCTTACCTACCCTTGACATGTCCGGTATG
>pipelines/AmpliconNoise/output_s60_c01_63_1
ATTAGATACCCAGGTAGTCCACGCCGTAAACTATGGAAGCTAGCCGTCAGCCAGCTTGCTGAGTGGTGGCGCAGCTAACGCATTAAGCTTCCCGCCTGGGGAGTACGGTCGCAAGATTAAAACTCAAAGGAATTGACGGGGGCCCGCACAAGCGGTGGAGCACGTGGTTTAATTCGAAGCAACGCGCAGAACCTTACCTACCCTTGACATGTCCAGTATG
>pipelines/AmpliconNoise/output_s60_c01_64_1
ATTAGATACCCCGGTAGTCCATGCCGTAAACTATGGAAGCTAGCCGTCAGTCAGCTTGCTGAGTGGTGGCGCAGCTAACGCATTAAGCTTCCCGCCTGGGGAGTACGGTCGCAAGATTAAAACTCAAAGGAATTGACGGGGGCCCGCACAAGCGGTGGAGCATGTGGTTTAATTCGAAGCAACGCGCAGAACCTTACCTACCCTTGACATGTCCAGTATG
>pipelines/AmpliconNoise/output_s60_c01_65_1
ATTAGATACCCGGGTAGTCCACGCCGTAAACTATGGAAGCTAGCCGTCAGTCAGCTTGCTGAGTGGTGGCGCAGCAACGCATTAAGCTTCCCGCCTGGGGAGTACGGTCGCAAGATTAAAACTCAAAGGAATTGACGGGGGCCCGCACAAGCGGTGGAGCATGTGGTTTAATTCGAAGCAACGCGCAGAACCTTACCTACCCTTGACATGTCCAGTATGG
>pipelines/AmpliconNoise/output_s60_c01_66_1
ATTAGATACCCGGGTAGTCCACGCCGTAAACTATGGAAGCTAGCCGTCGGTCAGCTTGCTGAGTGGTGGCGCAGCTAACGCATTAAGCTTCCCGCCTGGGGAGTACGGTCGCAAGATTAAAACTCAAAGGAATTGACGGGGGCCCGCACAAGCGGTGGAGCATGTGGTTTAATTCGAAGCAACGCGCAGAACCCTACCTACCCTTGACATGTCCAGTATG
>pipelines/AmpliconNoise/output_s60_c01_67_1
ATTAGATACCCGGGTAGTCCACGCCGTAAACTATGGAAGCTAGCCGTCAGTCAGCTTGCTGAGTGGTGGCGCAGCTAACGCATTAAGCTTCCCGCCTGGGGAGTACGGTCGCAAGATTAAAACTCAAAGGAATTGACGGGGGCCCGCACAAGCGGTGGAGCATGTGGTTTAATTCGAAGCAACGCGCAGAACCTTACCTACCCTTGACATGTCCAGTACG
>pipelines/AmpliconNoise/output_s60_c01_68_1
ATTAGATACCCGGGTAGTCCACGCCGTAAACTATGGAAGCTAGCCGTCAGTCAGCTTGTTGAGTGGTGGCGCAGCTAACGCATTAAGCTTCCCGCCTGGGGAGTACGGTCGCAAGATTAAAACTCAAAGGAATTGACGGGGGCCCGCACAGGCGGTGGAGCATGTGGTTTAATTCGAAGCAACGCGCAGAACCTTACCTACCCTTGACATGTCCAGTATG
>pipelines/AmpliconNoise/output_s60_c01_69_1
ATTAGATACCCCGGTAGTCCACGCCGTAAACTATGGAAGCTAGCCGTCAGTCAGCTTGTTGAGTGGTGGCGCAGCTAACGCATTAAGCTTCCCGCCTGGGGAGTACGGTCGCAAGATTAAAAACTCAAAGGAATTGACGGGGGCCCGCACAAGCGGTGGAGCATGTGGTTTAATTCGAAGCAACGCGCAGAACCTTACCTACCCTTGACATGTCCAGTAT
>pipelines/AmpliconNoise/output_s60_c01_70_1
ATTAGATACCCGGGTAGTCCACGCCGTAAACTATGGAAGCTAGCCGTCAGTCAGCTTGCTGAGTGGTGGCGCAGCTAACGCATTAAGCTTCCCGCCTGGGGAGTACGGTCGCAAGATTAAAACTCAAAGGAATTGACGGGGGCCCGCACAAGCGGTGGAGCATGTGGTTTAATTCGAAGCAGCGCGCAGAACCTTACCTACCCTTGACATGTCCAGTATG
>pipelines/AmpliconNoise/output_s60_c01_71_1
ATTAGATACCCTGGTAGTCCACGCCGTAAACTATGGAAGCTAGCCGTCAGTCAGCTTGCTGAGTGGTGGCGCAGCTAACGCATTAAGCTTCCCGCCTGGGGAGTACGGTCGCAGGATTAAAACTCAAAGGAATTGACGGGGGCCCGCACAAGCGGTGGAGCATGTGGTTTAATTCGAAGCAACGCGCAGAACCTTACCTACCCTTGACATGTCCAGTATG
>pipelines/AmpliconNoise/output_s60_c01_72_2
ATTAGATACCCCGGTAGTCCACGCCGTAAACTATGGAAGCTAGCCGTCAGTCAGCTTGCTGAGTGGTGGCGCAGCTAACGCATTAAGCTTCCCGCCTGGGGAGTACGGTCGCAAGATTAAACCTCAAAGGAATTGACGGGGGCCCGCACAAGCGGTGGAGCATGTGGTTTAATTCGAAGCAGCGCGCAGAACCTTACCTACCCTTGACATGTCCAGTATG
>pipelines/AmpliconNoise/output_s60_c01_73_1
ATTAGATACCCGGGTAGTCCACGCCGTAAACTATGGAAGCTAGCCGTCAGTCAGCTCGCTGAGTGGTGGCGCAGCTAACGCATTAAGCTTCCCGCCTGGGGGGTACGGTCGCAAGATTAAAACTCAAAGGAATTGACGGGGGCCCGCACAAGCGGTGGAGCATGTGGTTTAATTCGAAGCAACGCGCAGAACCTTACCTACCCTTGACATGTCCAGTATG
>pipelines/AmpliconNoise/output_s60_c01_74_1
ATTAGATACCCCGGTAGTCCACTCCGTAAACTATGGAAGCTAGCCGTCAGTCAGCTTGCTGAGTGGTGGCGCAGCTAACGCATTAAGCTTCCCGCCTGGGGGGTACGGTCGCAAGATTAAAACTCAAAGGAATTGACGGGGGCCCGCACAAGCGGTGGAGCATGTGGTTTAATTCGAAGCAACGCGCAGAACCTTACCTACCCTTGACATGTCCAGTATG
>pipelines/AmpliconNoise/output_s60_c01_75_1
ATTAGATACCCGGGTAGTCCACGCCGTAAACTATGGAAGCTAGCCGTCAGTCAGCTTGCTGAGTGGTGGCGCAGCTAACGCATTAAGCTTCCCGCCTGGGGAGTATGGTCGCAAGATTAAAACTCAAAGGAATTGACGGGGGCCCACACAAGCGGTGGAGCATGTGGTTTAATTCGAAGCAACGCGCAGAACCTTACCTACCCTTGACATGTCCAGTATG
>pipelines/AmpliconNoise/output_s60_c01_76_1
ATTAGATACCCGGGTAGTCCACGCCGTAAACTATGGAAGCTAGCCGTCAGTCAGCTTGCTGAGTGGTGGCGCAGCTAACGCATTAAGCTTCCCGCCTGGGGAGTACGGTCGCAAGATTAAAACTCAAAGGAATTGACGGGGGCCCGCACAAGCGGTGGAACATGTGGTTTAATTCGAAGCAACGCGCAGAACCTTACCTACCCTTGACATGTCCAGTATG
>pipelines/AmpliconNoise/output_s60_c01_77_1
ATTAGATACCCTGGTAGTCCACGCCGTAAGCTATGGAAGCTGGCCGTCAGTCAGCTTGCTGAGTGGTGGCGCAGCTAACGCATTAAGCTTCCCGCCTGGGGAGTACGGTCGCAAGATTAAAACTCAAAGGAATTGACGGGGGCCCGCACAAGCGGTGGAGCATGTGGTTTAATTCGAAGCAACGCGCAGAACCTTACCTACCCTTGACATGTCCAGTATG
>pipelines/AmpliconNoise/output_s60_c01_78_2
ATTAGATACCCTGGTAGTCCACGCCGTAAACTATGGAAGCTAGCCTTCAGTCAGCTTGCTGAGTGGTGGCGCAGCTAACGCATTAAGCTTCCCGCCTGGGGAGTACAGTCGCAAGATTAAAACTCAAAGGAATTGACGGGGGCCCGCACAAGCGGTGGAGCATGTGGTTTAATTCGAAGCAACGCGCAGAACCTTACCTACCCTTGACATGTCCAGTATG
>pipelines/AmpliconNoise/output_s60_c01_79_1
ATTAGATACCCTGGTAGTCCACGCCGTAAACTATGGAAGCTAGCCGTCAGTCAGCTTGCTGAGTGGTGGCGCAGCTAACGCATTAAGCTTCCCGCCTGGGGAGTACGATCGCAAGATTAAAACTCAAAGGAATTGACGGGGGCCCGCACAAGCGGTGGAGCATGTGGTTTAATTCGAAGCAACGCGCAGAACCTTACCTACCCTTGGCATGTCCAGTATG
>pipelines/AmpliconNoise/output_s60_c01_80_1
ATTAGATACCCTGGTAGTCCACGCCGTAAACTATGGAAGCTAGCCGTCAGTCAGCTTGCTGAGGGGTGGCGCAGCTAACGCATTAAGCTTCCCGCCTGGGGAGTACGGTCGCAAGATTAAAACTCAAAGGAATTGACGGGGGCCCGCACAAGCGGTGGAGCATGTGGTTTAATTCGAGCAACGCGCAGAACCTTACCTACCCTTGACATGTCCAGTATGG
>pipelines/AmpliconNoise/output_s60_c01_81_1
ATTAGATACCCGGGTAGTCCACGCCGTAAACTATGGAAGCTAGCCGTCAGTCAGCTTGCTGAGTGGTGGCGCAGCTAACGCATTAAGCTTCCCGCCTGGGGAGTACGGTCGCAAGATTAAAACTCAAAGGAATTGGCGGGGGCCCGCACAAGCGGTGGAGCATGTGGTTTAATTCGAAGCAACGCGCAGAACCTTACCTACCCTTGACATGTCCAGTATG
>pipelines/AmpliconNoise/output_s60_c01_82_1
ATTAGATACCCTGGTAGTCCACGCCGTAAACTATGGAAGCTAGCCGTCAGTCAGCTTGCTGAGTGGTGGCGCAGCTAACGCATTAAGCTTCCCGCCTGGGGAGTACGGTCGCAAGATTAAAACTCAAAGGAATTGGCGGGGGCCCGCACAAGCGGTGGAGCATGTGGTTTAATTCGAAGCAACGCGCAGAACCTTACCTACCCTTGACATGTCCAGTATG
>pipelines/AmpliconNoise/output_s60_c01_83_1
ATTAGATACCCCGGTAGTCCACGCCGTAAACTATGGAAGCTAGCCGTCAGTCGGCTTGCTGAGTGGTGGCGCAGCTAACGCATTAAGCTTCCCGCCTGGGGAGTACGGTCGCAAGATTAAAACTCAAAGGAATTGACGGGGGCCCGCACAAGCGGTGGAGCATGTGGTTTAATTCGAAGCAACGCGCAGAACCTTACCTACCCTTGACATGTCCAGTATG
>pipelines/AmpliconNoise/output_s60_c01_84_2
ATTAGATACCCTGGTAGTCCACGCCGTAAACTATGGAAGCTAGCCGTCAGTCAGCTTGCTGAGTGGTGGCGCAGCTAACGCATTAAGCTTCCCGCCTGGGGAGTACGGTCGCAAGATTAAAACTCAAAGGAATTGACGGGGGCCCGCACAAGCGGTGGAGCATGTGGTTTAATTCGAAGCAACGCGCAGAACCTTACCTACCCTTGACATGTCCAGTATG
>pipelines/AmpliconNoise/output_s60_c01_85_1
ATTAGATACCCAGGTAGTCCACGCCGTAAACTATGGAAGCTAGCCGTCAGTCAGCTTGCTGAGTGGTGGCGCAGCTAACGCATTAAGCTTCCCGCCTGGGGAGTACGGTCGCAAGATTAAAACTCAAAGGAATTGACGGGGCCCGCACAAGCGGTGGAGCATGTGGTTTAATTCGAAGCAACGCGCAGAACCTTACCTACCCTTGACATGTCCAGTATGG
>pipelines/AmpliconNoise/output_s60_c01_86_1
ATTAGATACCCAGGTAGTCCACGCCGTAAACTATGGAAGCTAGCCGTCAGTCAGCTTGCTGAGTGGTGGCGCAGCTAACGCATTAAGCTTCCCGCCTGGGGAGTACGGTCGCAAGATTAAAACTCAAAGGAATTGACGGGGGCCCGCACAAGCGGTGGAGCATGTGGTTTAATTCGAAGCAACGCGCAGAACCTTACCTACCCTTGACATGTCCAGTATG
>pipelines/AmpliconNoise/output_s60_c01_87_1
ATTAGATACCCTGGTAGTCCACGCCGTAAACTATGGAAGCTAGCCGTCAGTCAGCTTGCTGAGTGGTGGCGCAGCTAACACATTAAGCTTCCCGCCCGGGGAGTACGGTCGCAAGATTAAAACTCAAAGGAATTGACGGGGGCCCGCACAAGCGGTGGAGCATGTGGTTTAATTCGAAGCAACGCGCAGAACCTTACCTACCCTTGACATGTCCAGTATG
>pipelines/AmpliconNoise/output_s60_c01_88_1
ATTAGATACCCTGGTAGTCCACGCCGTAAACTATGGAAGCTAGCCGTCAGTCAGCTTGCTGAGTGGTGGCGCAGCTAACGCATTAAGCTTCCCGCCCGGGGAGTACGGTCGCAAGATTAAAACTCAAAGGAATTGACGGGGGCCCGCACAAGCGGTGGAGCATGTGGTTTAATTCGAAGCAACGCGCAGAACCTTACCTACCCTTGACATGTCCAGTATG
>pipelines/AmpliconNoise/output_s60_c01_89_2
ATTAGATACCCCGGTAGTCCACGCCGTAAACTATGGAAGCTAGCCGTCAGTCAGCTTGCTGAGTGGTGGCGCAGCTAACGCATTAAGCTTCCCGCCCGGGGAGTACGGTCGCAAGATTAAAACTCAAAGGAATTGACGGGGGCCCGCACAAGCGGTGGAGCATGTGGTTTAATTCGAAGCAACGCGCAGAACCTTACCTACCCTTGACATGTCCAGTATG
>pipelines/AmpliconNoise/output_s60_c01_90_1
ATTAGATACCCGGGTAGTCCACGCCGTAAACTATGGAAGCTAGCCGTCAGTCAGCTTGCTGAGTGGTGGCGCAGCTAACACATTGAGCTTCCCGCCTGGGGAGTACGGTCGCAAGATTAAAACTCAAAGGAATTGACGGGGGCCCGCACAAGCGGTGGAGCATGTGGTTTAATTCGAAGCAACGCGCAGAACCTTACCTACCCTTGACATGTCCAGTATG
>pipelines/AmpliconNoise/output_s60_c01_91_1
ATTAGATACCCGGGTAGTCCACGCCGTAAACTATGGAAGCTAGCCGTCAGTCAGCTTGCTGAGTGGTGGCGCAGCTAACGCATTGAGCTTCCCGCCTGGGGAGTACGGTCGCAAGATTAAAACTCAAAGGAATTGACGGGGGCCCGCACAAGCGGTGGAGCATGTGGTTTAATTCGAAGCAACGCGCAGAACCTTACCTACCCTTGACATGTCCAGTATG
>pipelines/AmpliconNoise/output_s60_c01_92_3
ATTAGATACCCTGGTAGTCCACGCCGTAAACTATGGAAGCTAGCCGTCAGTCAGCTTGCTGAGTGGTGGCGCAGCTAACGCATTGAGCTTCCCGCCTGGGGAGTACGGTCGCAAGATTAAAACTCAAAGGAATTGACGGGGGCCCGCACAAGCGGTGGGGCATGTGGTTTAATTCGAAGCAACGCGCAGAACCTTACCTACCCTTGACATGTCCAGTATG
>pipelines/AmpliconNoise/output_s60_c01_93_1
ATTAGATACCCAGGTAGTCCACGCCGTAAACTATGGAAGCTAGCCGTCAGTCAGCTTGCTGAGTGGTGGCGCAGCTAACGCATTAAGCTTCCCGCCGGGGAGTACGGTCGCAAGATTAAAACTCAAAGGAATTGACGGGGGCCCGCACAAGCGGTGGAGCATGTGGTTTAATTCGAAGCAACGCGCAGAACCTTACCTACCCTCGACATGTCCAGTATGG
>pipelines/AmpliconNoise/output_s60_c01_94_2
ATTAGATACCCAGGTAGTCCACGCCGTAAACTATGGAAGCTAGCCGTCAGTCAGCTTGCTGAGTGGTGGCGCAGCTAACGCATTAAGCTTCCCGCCTGGGGAGTACGGTCGCAAGATTAAAACTCAAAGGAATTGACGGGGGCCCGCACAAGCGGTGGAGCGTGTGGTTTAATTCGAAGCAACGCGCAGAACCTTACCTACCCTTGACATGTCCAGTATG
>pipelines/AmpliconNoise/output_s60_c01_95_1
ATTAGATACCCAGGTAGTCCACGCCGTAAACTATGGAAGCTAGCCGTCAGTCAGCTTGCTGAGTGGTGGCGCAGCTAACGCATTAAGCTTCCCGCCTGGGGAGTACGGTCGTAAGATTAAAACTCAAAGGAATTGACGGGGGCCCGCACAAGCGGTGGAGCATGTGGTTTAATTCGAAGCAACGCGCAGAACCTTACCTACCCTTGACATGTCCAGTATG
>pipelines/AmpliconNoise/output_s60_c01_96_1
ATTAGATACCCAGGTAGTCCACGCCGTAAACTATGGAAGCTAGCCGTCAGTCGGCTTGCTGAGTGGTGGCGCAGCTAACGCATTAAGCTTCCCGCCTGGGGAGTACGGTCGCAAGATTAAAACTCAAAGGAATTGACGGGGGCCCGCACAAGCGGTGGAGCATGTGGTTTAATTCGAAGCAACGCGCAGAACCTTACCTACCCTTGACATGTCCAGTATG
>pipelines/AmpliconNoise/output_s60_c01_97_2
ATTAGATACCCTGGTAGTCCACGCCGTAAACTATGGAAGCTAGCCGTCAGTCAGCTTGCTGAGTGGTGGCGCAGCTAACGCATTAAGCTTCCCGCCTGGGGAGTACGGTCGCAAGATTAAAACTCAGAGGAATTGACGGGGGCCCGCACAAGCGGTGGAGCATGTGGTTTAATTCGAAGCAACGCGCAGAGCCTTACCTACCCTTGACATGTCCAGTATG
>pipelines/AmpliconNoise/output_s60_c01_98_1
ATTAGATACCCTGGTAGTCCACGCCGTAAACTATGGAAGCTAGCCGTCAGTCAGCTTGCTGAGTGGTGGCGCAGCTAACGCATTAAGCTTCCCGCCTGGGGAGTACGGTCGCAAGATTAAAACTCAAAGGAATTGACGGGGGCCCGCACAAGCGGTGGAGCATGTGGTTTAATTCGAAGCAACGCGCAGAGCCTTACCTACCCTTGACATGTCCAGTATG
>pipelines/AmpliconNoise/output_s60_c01_99_55
ATTAGATACCCAGGTAGTCCACGCCGTAAACTATGGAAGCTAGCCGTCAGTCAGCTTGCTGAGTGGTGGCGCAGCTAACGCATTAAGCTTCCCGCCTGGGGAGTACGGTCGCAAGATTAAAACTCAAAGGAATTGACGGGGGCCCGCACAAGCGGTGGAGCATGTGGTTTAATTCGAAGCAACGCGCAGAACCTTACCTACCCTTGACATGTCCAGTATG
>pipelines/AmpliconNoise/output_s60_c01_100_1
ATTAGATACCCAGGTAGTCCACGCCGTAAACTATGGAAGCTAGCCGTCAGTCAGCTTGCTGAGTGGTGGCGCAGCTAACGCATTAAGCTTCCCGCCTGGGGAGTACGGTCGCAAGATTAAAACTCAAAGGCATTGACGGGGGCCCGCACAAGCGGTGGAGCATGTGGTTTAATTCGAAGCAACGCGCAGAACCTTACCTACCCTTGACATGTCCAGTATG
>pipelines/AmpliconNoise/output_s60_c01_101_1
ATTAGATACCCAGGTAGTCCACGCCGTAAACTATGGAAGCTAGCCGTCAGTCAGCTTGCTGAGTGGTGGCGCAGCTCACGCATTAAGCTTCCCGCCTGGGGAGTACGGTCGCAAGATTAAAACTCAAAGGAATTGACGGGGGCCCGCACAAGCGGTGGAGCATGTGGTTTAATTCGAAGCAACGCGCAGAACCTTACCTACCCTTGACATGTCCAGTATG
>pipelines/AmpliconNoise/output_s60_c01_102_1
ATTAGATACCCTGGTAGTCCACGCCGTAAACTATGGAAGCTAGCCGTCAGTCAGCTTGCTGAGTGGTGGCGCAGCTAACGCATTAAGCTTCCCGCCTGGGGAGTACGGTCGCAAGATTAAAACTCAGAGGAATTGACGGGGGCCCGCACAAGCGGTGGAGCATGTGGTTTAATTCGAAGCAACGCGCAGAACCTTACCTACCCTTGACATGTCCAGTATG
>pipelines/AmpliconNoise/output_s60_c01_103_1
ATTAGATACCCTGGTAGTCCACGCCGTAAACTATGGAAGCTAGCCGTCAGTCAGCTTGCTGAGTGGTGGCGCAGCTAACGCATTAAGCTTCCCGCCTGGGGAGTACGGTCGCAAGATTAAAACTCAAAGGAATTGACGGGGGCCCGCACAAGCGGTGGAGCATGTGGTTTAATTCGAAGCAACGCGCAGAACCTTACCTACCCTTGACATGTCCAGTATG
>pipelines/AmpliconNoise/output_s60_c01_104_1
ATTAGATACCCTGGTAGTCCACGCCGTAAACTATGGAAGCTAGCCGTCAGTCAGCTTGCTGAGTGGTGGCGCAGCTAACGCATTAAGCTTCCCGCCTGGGGAGTACGGTCGCAAGATTGAAACTCAAAGGAATTGACGGGGGCCCGCACAAGCGGTGGAGCATGTGGTTTAATTCGAAGCAACGCGCAGAACCTTACCTACCCTTGACATGTCCAGTATG
>pipelines/AmpliconNoise/output_s60_c01_105_1
ATTAGATACCCTGGTAGTCCACGCCGTAAACTATGGAAGCTAGCCGTCAGTCAGCTTGCTGAGTGGTGGCGCAGCTAACGCATTAAGCTTCCCGCCTGGGGAGTACGGTCGCAAGATTAAAACTCAAAGGAATTGACGGGGGCCCGCACAAGCGGTGGAGCATGTGGTTTAATTCGAAGCAACGCGCGGAACCTTACCTACCCTTGACATGTCCAGTATG
>pipelines/AmpliconNoise/output_s60_c01_106_2
ATTAGATACCCTGGTAGTCCACGCCGTAAACTATGGAAGCTAGCCGTCAGTCAGCTTGCTGAGTGGTGGCGCAGCTAACGCATTAAGCTTCCCGCCTGGGGAGTACGGTCGCAAGATTAAGACTCAAAGGAATTGACGGGGGCCCGCACAAGCGGTGGAGCATGTGGTTTAATTCGAAGCAACGCGCAGAACCTTACCTACCCTTGACATGTCCAGTATG
>pipelines/AmpliconNoise/output_s60_c01_107_1
ATTAGATACCCTGGTAGTCCACGCCGTAAACTATGGAAGCTAGCCGTCAGTCAGCTTGCTGAGTGGTGGCGCAGCTAACGCATCAAGCTTCCCGCCTGGGGAGTACGGTCGCAAGATTAAAACTCAAAGGAATTGACGGGGGCCCGCACAAGCGGTGGAGCATGTGGTTTAATTCGAAGCAACGCGCAGAACCTTACCTACCCTTGACATGTCCAGTATG
>pipelines/AmpliconNoise/output_s60_c01_108_4
ATTAGATACCCTGGTAGTCCACGCCGTAAACTATGGAAGCTAGCCGTCAGTCAGCTTGCTGAGTGGTGGCGCAGCTAACGCATTAAGCTTCCCGCCTGGGGAGTACGGTCGCAAGATTAAAACTCAAAGGAATTGACGGGGGCCCGCACAAGCAGTGGAGCATGTGGTTTAATTCGAAGCAACGCGCAGAACCTTACCTACCCTTGACATGTCCAGTATG
>pipelines/AmpliconNoise/output_s60_c01_109_1
ATTAGATACCCTGGTAGTCCACGCCGTAAACTATGGAAGCTAGCCGTCAGTCAGCTTGCTGAGTGGTGGCGCAGCTAACGCATTAAGCTTCCCGCCTGGGGAGTACGGTCGCAAGATTAAAACCCAAAGGAATTGACGGGGGCCCGCACAAGCGGTGGAGCATGTGGTTTAATTCGAAGCAACGCGCAGAACCTTACCTACCCTTGACATGTCCAGTATG
>pipelines/AmpliconNoise/output_s60_c01_110_1
ATTAGATACCCTGGTAGTCCACGCCGTAAACTATGGAAGCTAGCCGTCAGTCAGCTTGCTGAGTGGTGGCGCAGCTAACGCATTAAGCTTCCCGCCTGGGGGGTACGGTCGCAAGATTAAAACTCAAAGGAATTGACGGGGGCCCGCACAAGCGGTGGAGCATGTGGTTTAATTCGAAGCAACGCGCAGAACCTTACCTACCCTTGACATGTCCAGTATG
>pipelines/AmpliconNoise/output_s60_c01_111_2
ATTAGATACCCTGGTAGTCCACGCCGTAAACTATGGAAGCTAGCCGTCAGTCAGCTTGCTGAGTGGTGGCGCAGCTAACGCATTAAGCTTCCCGCCTGGGGAGTACGGTCGCAAGATTAAAACTCAAAGGAATTGACGGGGGCCCGCACAAGCGGTGGAGCATGTGGTTTAATTCGAAGCAACGCGCAGAACCTTACCTACCCTTGACGTGTCCAGTATG
>pipelines/AmpliconNoise/output_s60_c01_112_1
ATTAGATACCCTGGTAGTCCACGCCGTAAACTATGGAAGCTAGCCGTCAGTCAGCTTGCTGAGTGGTGGCGCAGCTAACGCATTAAGCTTCCCGCCTGGGGAGTACGGTCGCAAGATTAAAACTCAAAGGAATTGACGGGGGCCCGCACAAGCGGTGGAGCATGTGGTTTAATTCGAAGCAACGCGCAGAACCTTACCTACCCTTGACATGTCCGGTATG
>pipelines/AmpliconNoise/output_s60_c01_113_1
ATTAGATACCCTGGTAGTCCACGCCGTAAACTATGGAAGCTAGCCGTCAGTCAGCTTGCTGAGTGGTGGCGCAGCTAACGCATTAAGCTTCCCGCCTGGGGAGTACGGTCGCAAGATTAAAACTCAAAGGAATTGACGGGGGCCCGCACAAGCGGTGGAGCACGTGGTTTAATTCGAAGCAACGCGCAGAACCTTACCTACCCTTGACATGTCCAGTATG
>pipelines/AmpliconNoise/output_s60_c01_114_1
ATTAGATACCCTGGTAGTCCACGCCGTAAACTATGGAAGCTAGCCGTCAGTCAGCTTGCTAAGTGGTGGCGCAGCTAACGCATTAAGCTTCCCGCCTGGGGAGTACGGTCGCAAGATTAAAACTCAAAGGAATTGACGGGGGCCCGCACAAGCGGTGGAGCATGTGGTTTAATTCGAAGCAACGCGCAGAACCTTACCTACCCTTGACATGTCCAGTATG
>pipelines/AmpliconNoise/output_s60_c01_115_2
ATTAGATACCCTGGTAGTCCACGCCGTAAACTATGGAAGCTAGCCGTCAGTCAGCTTGCTGAGTGGTGGCGCGGCTAACGCATTAAGCTTCCCGCCTGGGGAGTACGGTCGCAAGATTAAAACTCAAAGGAATTGACGGGGGCCCGCACAAGCGGTGGAGCATGTGGTTTAATTCGAAGCAACGCGCAGAACCTTACCTACCCTTGACATGTCCAGTATG
>pipelines/AmpliconNoise/output_s60_c01_116_1
ATTAGATACCCTGGTAGTCCACGCCGTAAACTATGGAAGCTAGCCGTCAGTCAGCTTGCTGAGTGGTGGCGCAGCTAACGCATTAAGCTTCCCGCCTGGGGAGTACGGTCGCAAGATTAAAACTCAAAGGAATTGACGGGGGCCCGCACAAACGGTGGAGCATGTGGTTTAATTCGAAGCAACGCGCAGAACCTTACCTACCCTTGACATGTCCAGTATG
>pipelines/AmpliconNoise/output_s60_c01_117_3
ATTAGATACCCTGGTAGTCCACGCCGTAAACTATGGAAGCTAGCCGTCAGTCAGCTTGCTGAGTGGTGGCGCAGCTAACGCATTAAGCTTCCCGCCTGGGGAGTACGGTCGCAAGATTAAAACTCAAAGGAATTGACGGGGGCCCGCACAAGCGGTGGAGCATGTGGTTTAATTCGAAGCAACGCGCAGAACCTTACCTACCCTTGACATGTCCAGTATG
>pipelines/AmpliconNoise/output_s60_c01_118_2
ATTAGATACCCGGGTAGTCCACGCCGTAAACTATGGAAGCTAGCCGTCAGTCAGCTTGCTGAGTGGTGGCGCAGCTAACGCATTAAGCTTCCCGCCTGGGGAGTACGGTCGCAAGATTAAAACTCAAAGGAATTGACGGGGGCCCGCACAAGCGGTGGGGCATGTGGTTTAATTCGAAGCAACGCGCAGAACCTTACCTACCCTTGACATGTCCAGTATG
>pipelines/AmpliconNoise/output_s60_c01_119_1
ATTAGATACCCCGGTAGTCCACGCCGTAAACTATGGAAGCTAGCCGTCAGTCAGCTTGCTGAGTGGTGGCGCAGCTAACGCATTAAGCTTCCCGCCTGGGGAGTACGGTCGCAAGATTAAAACTCAAAGGAATTGACGGGGGCCCGCACAAGCGGTGGGGCATGTGGTTTAATTCGAAGCAACGCGCAGAACCTTACCTACCCTTGACATGTCCAGTATG
>pipelines/AmpliconNoise/output_s60_c01_120_1
ATTAGATACCCAGGTAGTCCACGCCGTAAACTATGGAAGCTAGCCGTCAGTCAGCTTGCTGAGTGGTGGCGCAGCTAACGCATTAAGCTTCCCGCCTGGGGAGTACGGTCGCAAGATTAAAACTCAAAGGAATTGACGGGGGCCCGCACAAGCGGTGGGGCATGTGGTTTAATTCGAAGCAACGCGCAGAACCTTACCTACCCTTGACATGTCCAGTATG
>pipelines/AmpliconNoise/output_s60_c01_121_1
ATTAGATACCCGGGTAGTCCACGCCGTAAACTATGGAAGCTAGCCGTCAGTCAGCTTGCTGAGTGGTGGCGCAGCTAACGCATTAAGCTTCCCGCCTGGGGAGTACGGTCGCAAGATTAAAACTCAAAGGAATTGACGGGGGCCCGCACAAGCGGTGGAACATGTGGCTTAATTCGAAGCAACGCGCAGAACCTTACCTACCCTTGACATGTCCAGTATG
>pipelines/AmpliconNoise/output_s60_c01_122_2
ATTAGATACCCGGGTAGTCCACGCCGTAAACTATGGAAGCTAGCCGTCAGTCAGCTTGCTGAGTGGTGGCGCAGCTAACGCATTAAGCTTCCCGCCTGGGGAGTACGGTCGCAAGATTAAAACTCAAAGGAATTGACGGGGGCCCGCACAAGCGGTGGAGCATGTGGCTTAATTCGAAGCAACGCGCAGAACCTTACCTACCCTTGACATGTCCAGTATG
>pipelines/AmpliconNoise/output_s60_c01_123_1
ATTAGATACCCTGGTAGTCCACGCCGTAAACTATGGAAGCTAGCCGTCAGTCAGCTTGCTGAGTGGTGGCGCAGCTAACGCATTAAGCTTCCCGCCTGGGGAGTACGGTCGCAAGATTAAAACTCAAAGGAATTGACGGGGGCCCGCACAAGCGGTGGAGCATGTGGCTTAATTCGAAGCAACGCGCAGAACCTTACCTACCCTTGACATGTCCAGTATG
>pipelines/AmpliconNoise/output_s60_c01_124_1
ATTAGATACCCGGGTAGTCCACGCCGTAAACTATGGAAGCTAGCTGTCAGTCAGCTTGCTGAGTGGTGGCGCAGCTAACGCATTAAGCTTCCCGCCTGGGGAGTACGGTCGCAAGATTAAAACTCAAAGGAATTGACGGGGGCCCGCACAAGCGGTGGAGCATGTGGTTTAATTCGAAGCAACGCGCAGAACCTTACCTACCCTTGACATGTCCAGTATG
>pipelines/AmpliconNoise/output_s60_c01_125_1
ATTAGATACCCAGGTAGTCCACGCCGTAAACTATGGAAGCTAGCTGTCAGTCAGCTTGCTGAGTGGTGGCGCAGCTAACGCATTAAGCTTCCCGCCTGGGGAGTACGGTCGCAAGATTAAAACTCAAAGGAATTGACGGGGGCCCGCACAAGCGGTGGAGCATGTGGTTTAATTCGAAGCAACGCGCAGAACCTTACCTACCCTTGACATGTCCAGTATG
>pipelines/AmpliconNoise/output_s60_c01_126_1
ATTAGATACCCGGGTAGTCCACGCCGTAAACTATGGAAGCTAGCCGTCAGTCAGCTTGCTGAGTGGTGGCGCAGCTAACGCATTAAGCTTCCCGCCTGGGGAGTACGGTCGCAAGATTAAAACTCAAAGGAATTGACGGGGGCCCGCACAAGCGGTGGAGCATGTGGTTTAATTCGAAGCAACGCGCAGAACCTTACCTACCCTTGACATGTCCAGTATG
>pipelines/AmpliconNoise/output_s60_c01_127_1
ATTAGATACCCAGGTAGTCCACGCCGTAAACTATGGAAGCTAGCCGTCAGTCAGCTTGCTGAGTGGTGGCGCAGCTAACGCATTAAGCTTCCCGCCTGGGGAGTACGGTCGCAAGATTAAAACTCAAAGGAATTGACGGGGGCCCGCACAAGCGGTGGAGCATGTGGTTTAATTCGAAGCAACGCGCAGAACCTTACCTACCCTTGACATGTCCAGTATG
>pipelines/AmpliconNoise/output_s60_c01_128_98
ATTAGATACCCCGGTAGTCCACGCCGTAAACTATGGAAGCTAGCCGTCAGTCAGCTTGCTGAGTGGTGGCGCAGCTAACGCATTAAGCTTCCCGCCTGGGGAGTACGGTCGCAAGATTAAAACTCAAAGGAATTGACGGGGGCCCGCACAAGCGGTGGAGCATGTGGTTTAATTCGAAGCAACGCGCAGAACCTTACCTACCCTTGACATGTCCAGTATG
>pipelines/AmpliconNoise/output_s60_c01_129_120
ATTAGATACCCGGGTAGTCCACGCCGTAAACTATGGAAGCTAGCCGTCAGTCAGCTTGCTGAGTGGTGGCGCAGCTAACGCATTAAGCTTCCCGCCTGGGGAGTACGGTCGCAAGATTAAAACTCAAAGGAATTGACGGGGGCCCGCACAAGCGGTGGAGCATGTGGTTTAATTCGAAGCAACGCGCAGAACCTTACCTACCCTTGACATGTCCAGTATG
>pipelines/AmpliconNoise/output_s60_c01_130_5
ATTAGATACCCGGGTAGTCCACGCCGTAAACTATGGAAGCTAGCCGTCAGTTAGCTTGCTGAGTGGTGGCGCAGCTAACGCATTAAGCTTCCCGCCTGGGGAGTACGGTCGCAAGATTAAAACTCAAAGGAATTGACGGGGGCCCGCACAAGCGGTGGAGCATGTGGTTTAATTCGAAGCAACGCGCAGAACCTTACCTACCCTTGACATGTCCAGTATG
>pipelines/AmpliconNoise/output_s60_c01_131_1
ATTAGATACCCAGGTAGTCCACGCCGTAAACTATGGAAGCTAGCCGTCAGTTAGCTTGCTGAGTGGTGGCGCAGCTAACGCATTAAGCTTCCCGCCTGGGGAGTACGGTCGCAAGATTAAAACTCAAAGGAATTGACGGGGGCCCGCACAAGCGGTGGAGCATGTGGTTTAATTCGAAGCAACGCGCAGAACCTTACCTACCCTTGACATGTCCAGTATG
>pipelines/AmpliconNoise/output_s60_c01_132_1
ATTAGATACCCGGGTAGTCCACGCCGTAAACTATGGAAGCTAGCCGTCAGTCAGCTTGCTGAGTGGTGGCGCAGCTAACGCATTAAGCTTCCCGCCTGGGGAGTACGGTCGCAAGATTAAAACTCAAAGGAATTGATGGGGGCCCGCACAAGCGGTGGAGCATGTGGTTTAATTCGAAGCAACGCGCAGAACCTTACCTACCCTTGACATGTCCAGTATG
>pipelines/AmpliconNoise/output_s60_c01_133_1
ATTAGATACCCGGGTAGTCCACGCCGTAAACTATGGAAGCTAGCCATCAGTCAGCTTGCTGAGTGGTGGCGCAGCTAACGCATTAAGCTTCCCGCCTGGGGAGTACGGTCGCAAGATTAAAACTCAAAGGAATTGACGGGGGCCCGCACAAGCGGTGGAGCATGTGGTTTAATTCGAAGCAACGCGCAGAACCTTACCTACCCTTGACATGTCCAGTATG
>pipelines/AmpliconNoise/output_s60_c01_134_3
ATTAGATACCCGGGTAGTCCACGCCGTAAACTATGGAAGCTAGCCGTCAGTCAGCTTGCTGAGTGGTGGCGCAGCTAACGCATTAAGCTTCCCGCCTGAGGAGTACGGTCGCAAGATTAAAACTCAAAGGAATTGACGGGGGCCCGCACAAGCGGTGGAGCATGTGGTTTAATTCGAAGCAACGCGCAGAACCTTACCTACCCTTGACATGTCCAGTATG
>pipelines/AmpliconNoise/output_s60_c01_135_3
ATTAGATACCCGGGTAGTCCACGCCGTAAACTATGGAAGCTAGCCGTCAGTCAGCTTGCTGAGTGGTGGCGCAGCTAACGCATTAAGCTTCCCGCCTGGGGAGTACGGTCGCAAGATTAAAACTCAGAGGAATTGACGGGGGCCCGCACAAGCGGTGGAGCATGTGGTTTAATTCGAAGCAACGCGCAGAACCTTACCTACCCTTGACATGTCCAGTATG
>pipelines/AmpliconNoise/output_s60_c01_136_1
ATTAGATACCCGGGTAGTCCACGCCGTAAACTATGGAAGCTAGCCGTCAGTCAGCTTGCTGAGTGGTGGCGCAGCTAACGCATTAAGCTTCCCGCCTGGGGAGTACGGTCGCAAGATTAAAACTCAAAGGAATTAACGGGGGCCCGCACAAGCGGTGGAGCATGTGGTTTAATTCGAAGCAACGCGCAGAACCTTACCTACCCTTGACATGTCCAGTATG
>pipelines/AmpliconNoise/output_s60_c01_137_1
ATTAGATACCCGGGTAGTCCACGCCGTAAACTATGGAAGCTAGCCGTCAGTCAGCTTGCTGAGTGGTGGCGCAGCTAACGCATTAAGCTTCCCGCCTGGGGAGTACGGTCGCAAGATTAGAACTCAAAGGAATTGACGGGGGCCCGCACAAGCGGTGGAGCATGTGGTTTAATTCGAAGCAACGCGCAGAACCTTACCTACCCTTGACATGTCCAGTATG
>pipelines/AmpliconNoise/output_s60_c01_138_2
ATTAGATACCCGGGTAGTCCACGCCGTAAACTATGGAAGCTAGCCGTCAGTCAGCTTGCTGAGTGGTGGCGCAGCTAACGCATTAAGCTTCCCGCCTGGGGAGTACGGTCGCAAGATTAAAACTCAAAGGAATTGACGGGGGCCCGCACAAGCGGTGGAGCATGTGGTTTAATTCGAAGCAACGCGCAGAACCTTACCTACCCTTGACATGTCCAGTATG
>pipelines/AmpliconNoise/output_s60_c01_139_1
ATTAGATACCCGGGTAGTCCACGCCGTAAACTATGGAAGCTAGCCGTCAGTCAGCTTGCTGAGTGGTGGCGCAGCTAACGCATTAAGCTTCTCGCCTGGGGAGTACGGTCGCAAGATTAAAACTCAAAGGAATTGACGGGGGCCCGCACAAGCGGTGGAGCATGTGGTTTAATTCGAAGCAACGCGCAGAACCTTACCTACCCTTGACATGTCCAGTATG
>pipelines/AmpliconNoise/output_s60_c01_140_1
ATTAGATACCCGGGTAGTCCACGCCGTAAACTATGGAAGCTAGCCGTCAGTCAGCTTGCTGAGTGGTGGCGCAGCTAACGCATTAAGCTTCCCGCCTGGGGAGTACGGTCGCAAGATTAAAACTCAAAGGAATTGACGGGGGCCCGCACAAGCGGTGGAGCATGTGGTTTAATTCGAAGCAACGCGCAGAACCTTACCTACCCTTGACAGGTCCAGTATG
>pipelines/AmpliconNoise/output_s60_c01_141_3
ATTAGATACCCGGGTAGTCCACGCCGTAAACTATGGAAGCTAGCCGTCAGTCAGCTTGCTGAGTGGTGGCGCAACTAACGCATTAAGCTTCCCGCCTGGGGAGTACGGTCGCAAGATTAAAACTCAAAGGAATTGACGGGGGCCCGCACAAGCGGTGGAGCATGTGGTTTAATTCGAAGCAACGCGCAGAACCTTACCTACCCTTGACATGTCCAGTATG
>pipelines/AmpliconNoise/output_s60_c01_142_1
ATTAGATACCCCGGTAGTCCACGCCGTAAACTATGGAAGCTAGCCGTCAGTCAGCTTGCTGAGTGGTGGCGCAGCTAACGCATTAAGCTTCCCGCCTGGGGAGTACGGTCGCAAGATTAAAACTCAAAGGAATTGACGGGGGCCCGCACAAGCGGTGGAGCATGTGGTTTAATTCGAAGCAACGCGCAGAACCTTACCTACCCTTGACATGTCCAGTATG
>pipelines/AmpliconNoise/output_s60_c01_143_1
ATTAGATACCCCGGTAGTCCACGCCGTAAACTATGGAAGCTAGCCGTCAGTCAGCTTGCCGAGTGGTGGCGCAGCTAACGCATTAAGCTTCCCGCCTGGGGAGTACGGTCGCAAGATTAAAACTCAAAGGAATTGACGGGGGCCCGCACAAGCGGTGGAGCATGTGGTTTAATTCGAAGCAACGCGCAGAACCTTACCTACCCTTGACATGTCCAGTATG
>pipelines/AmpliconNoise/output_s60_c01_144_1
ATTAGATACCCCGGTAGTCCACGCCGTAAACTATGGAAGTTAGCCGTCAGTCAGCTTGCTGAGTGGTGGCGCAGCTAACGCATTAAGCTTCCCGCCTGGGGAGTACGGTCGCAAGATTAAAACTCAAAGGAATTGACGGGGGCCCGCACAAGCGGTGGAGCATGTGGTTTAATTCGAAGCAACGCGCAGAACCTTACCTACCCTTGACATGTCCAGTATG
>pipelines/AmpliconNoise/output_s60_c01_145_1
ATTAGATACCCCGGTAGTCCACGCCGTAAACTATGGAAGCTAGCCGTCAGTCAGCTTGCTGAGTGGTGGCGCAGCTAACGCATTAAGCTTCCCGCCTGGGGAGTACGGTCGCAAGATTAAAACTCAAAGGAATTGACGGGGGCCCGCACAAGCGGTGGAGCATGTGGTTTAATTCGAAGCAACGCGCAGAACCTTACCTACCATTGACATGTCCAGTATG
>pipelines/AmpliconNoise/output_s60_c01_146_1
ATTAGATACCCCGGTAGTCCACGCCGTAAACTATGGAAGCTAGCCGTCAGTCAGCTTGCTGAGTGGTGGCGCAGCTAACGCATTAAGCTTCCCGCCTGGGGAGTATGGTCGCAAGATTAAAACTCAAAGGAATTGACGGGGGCCCGCACAAGCGGTGGAGCATGTGGTTTAATTCGAAGCAACGCGCAGAACCTTACCTACCCTTGACATGTCCAGTATG
>pipelines/AmpliconNoise/output_s60_c01_147_1
ATTAGATACCCCGGTAGTCCACGCCGTAAACTATGGAAGCTAGCCGTCAGTCAGCTTGCTGAGTGGTGGCGCAGCTAACGCATTAAGCTTCCCGCCTGGGGAGTACAGTCGCAAGATTAAAACTCAAAGGAATTGACGGGGGCCCGCACAAGCGGTGGAGCATGTGGTTTAATTCGAAGCAACGCGCAGAACCTTACCTACCCTTGACATGTCCAGTATG
>pipelines/AmpliconNoise/output_s60_c01_148_1
ATTAGATACCCCGGTAGTCCACGCCGTAAACTATGGAAGCTAGCCGTCAGTCAGCTTGCTGAGTGGTGGCGCAGCTAACGCATTAAGCTTCCCGCCTGGGGAGTACGGTCGCAAGATTAAAACTCAAAGGAATTGACGGGGGCTCGCACAAGCGGTGGAGCATGTGGTTTAATTCGAAGCAACGCGCAGAACCTTACCTACCCTTGACATGTCCAGTATG
>pipelines/AmpliconNoise/output_s60_c01_149_1
ATTAGATACCCCGGTAGTCCACGCCGTAAACTATGGAAGCTAGCCGTCAGTCAGCTTGCTGAGTGGTGGCGCAGCTAACGCATTAAGCTTCCCGCCTGGGGAGCACGGTCGCAAGATTAAAACTCAAAGGAATTGACGGGGGCCCGCACAAGCGGTGGAGCATGTGGTTTAATTCGAAGCAACGCGCAGAACCTTACCTACCCTTGACATGTCCAGTATG
>pipelines/AmpliconNoise/output_s60_c01_150_1
ATTAGATACCCCGGTAGTCCACGCCGTAAACTATGGAAGCTAGCCGTCAGTCAGCTTGCTGAGTGGTGGCGTAGCTAACGCATTAAGCTTCCCGCCTGGGGAGTACGGTCGCAAGATTAAAACTCAAAGGAATTGACGGGGGCCCGCACAAGCGGTGGAGCATGTGGTTTAATTCGAAGCAACGCGCAGAACCTTACCTACCCTTGACATGTCCAGTATG
>pipelines/AmpliconNoise/output_s60_c01_151_1
ATTAGATACCCCGGTAGTCCACGCCATAAACTATGGAAGCTAGCCGTCAGTCAGCTTGCTGAGTGGTGGCGCAGCTAACGCATTAAGCTTCCCGCCTGGGGAGTACGGTCGCAAGATTAAAACTCAAAGGAATTGACGGGGGCCCGCACAAGCGGTGGAGCATGTGGTTTAATTCGAAGCAACGCGCAGAACCTTACCTACCCTTGACATGTCCAGTATG
>pipelines/AmpliconNoise/output_s60_c01_152_1
ATTAGATACCCCGGTAGTCCACGCCGTAAACTATGGAAGCTAGCCGTCAGTCAGCTTGCTGAGTGGTGGCGCAGCTAACGCGTTAAGCTTCCCGCCTGGGGAGTACGGTCGCAAGATTAAAACTCAAAGGAATTGACGGGGGCCCGCACAAGCGGTGGAGCATGTGGTTTAATTCGAAGCAACGCGCAGAACCTTACCTACCCTTGACATGTCCAGTATG
>pipelines/AmpliconNoise/output_s60_c01_153_1
ATTAGATACCCGGGTAGTCCACGCCGTAAACTATGGGAGCTAGCCGTCAGTCAGCTTGCTGAGTGGTGGCGCAGCTAACGCATTAAGCTTCCCGCCTGGGGAGTACGGTCGCAAGATTAAAACTCAAAGGAATTGACGGGGGCCCGCACAAGCGGTGGAGCATGTGGTTTAATTCGAAGCAACGCGCAGAACCTTACCTACCCTTGACGTGTCCAGTATG
>pipelines/AmpliconNoise/output_s60_c01_154_1
ATTAGATACCCTGGTAGTCCACGCCGTAAACGATGATAACTAGCTGTCCGGGCACTTGGTGTCTGGGTGGCGCAGCTAACGCATTAAGTTATCCGCCTGAGGAGTACGGTCGCAAGATTAAAACTCAAAGGAATTGACGGGGGCCTGCACAAGCGGTGGAGCATGTGGTTTAATTCGAAGCAACGCGCAGAACCTTACCAGCGTTTGACATCCCGCGCTA
>pipelines/AmpliconNoise/output_s60_c01_155_1
ATTAGATACCCTGGTAGTCCACGCCGTAAACGATGATAACTAGCTGTCCGGGCGACTTGGTGTCTGGGTGGCGCAGCTAACGCATTAAGTTATCCGCCTGGGGAGTACGGTCGCAAGATTAAAACTCAAAGGAATTGACGGGGGCCTGCACAAGCGGTGGAGCATGTGGTTTAATTCGATGCAACGCGCAGAACCTTACCAGCGTTTGACATCCCGCGCT
>pipelines/AmpliconNoise/output_s60_c01_156_1
ATTAGATACCCAGGTAGTCCACGCCGTAAACGATGATAACTAGCTGTCCGGGCACTTGGTGTCTGGGTGGCGCAGCTAACGCATTAAGTTATCCGCCTGGGGAGTACGGTCGCAAGATTAAAACTCAAAGGAATTGACGGGGGCCTGCACAAGCGGTGGAGCATGTGGTTTAATTCGAAGCAGCGCGCAGAACCTTACCAGCGTTTGACATCCCGCGCTA
>pipelines/AmpliconNoise/output_s60_c01_157_21
ATTAGATACCCGGGTAGTCCACGCCGTAAACGATGATAACTAGCTGTCCGGGCACTTGGTGTCTGGGTGGCGCAGCTAACGCATTAAGTTATCCGCCTGGGGAGTACGGTCGCAAGATTAAAACTCAAAGGAATTGACGGGGGCCTGCACAAGCGGTGGAGCATGTGGTTTAATTCGAAGCAACGCGCAGAACCTTACCAGCGTTTGACATCCCGCGCTA
>pipelines/AmpliconNoise/output_s60_c01_158_1
ATTAGATACCCTGGTAGTCCACGCCGTAAACGATGATAACTAGCTGTCCGGGCACTTGGTGTCTGGGTGGCGCAGCTAACGCATTAAGTTATCCGCCTGGGGAGTACGGTCGCAAGATTAAAACTCAAAGGAATTGACGGGGGCCTGCACAAGCGGTGGAGCATGTGGTTTAATTCGAAGCAACGCGCAGAACCTTACCAGCGTTTGACGTCCCGCGCTA
>pipelines/AmpliconNoise/output_s60_c01_159_1
ATTAGATACCCTGGTAGTCCACGCCGTAAACGACGATAACTAGCTGTCCGGGCACTTGGTGTCTGGGTGACGCAGCTAACGCATTAAGTTATCCGCCTGGGGAGTACGGTCGCAAGATTAAAACTCAAAGGAATTGACGGGGGCCTGCACAAGCGGTGGAGCATGTGGTTTAATTCGAAGCAACGCGCAGAACCTTACCAGCGTTTGACATCCCGCGCTA
>pipelines/AmpliconNoise/output_s60_c01_160_1
ATTAGATACCCTGGTAGTCCACGCCGTAAACGATGATAACTAGCTGTCCGGGCACTTGGTGTCTGGGTGGCGCAGCTAACGCATTAAGTTATCCGCCTGGGGAGTACGGTCGCAAGATTAAAAACTCAAATGAATTGACGGGGGCCTGCACAAGCGGTGGAGCATGTGGTTTAATTCGAAGCAACGCGCAGAACCTTACCAGCGTTTGACATCCCGCGCT
>pipelines/AmpliconNoise/output_s60_c01_161_3
ATTAGATACCCGGGTAGTCCACGCCGTAAACGATGATAACTAGCTGTCCGGGCACTTGGTGTCTGGGTGGCGCAGCTAACGCATTAAGTTATCCGCCTGGGGAGTACGGTCGCAAGATTAAAACTCAAAGGAATTGACGGGGGCCTGCACAAGCGGTGGAGCATGTGGTTTAATTCGAAGCAACGCGCAGAACCTTACCAACGTTTGACATCCCGCGCTA
>pipelines/AmpliconNoise/output_s60_c01_162_1
ATTAGATACCCAGGTAGTCCACGCCGTAAACGATGATAACTAGCTGTCCGGGCACTTGGTGTCTGGGTGGCGCAGCTAACGCATTAAGTTATCCGCCTGGGGAGCACGGTCGCAAGATTAAAACTCAAAGGAATTGACGGGGGCCTGCACAAGCGGTGGAGCATGTGGTTTAATTCGAAGCAACGCGCAGAACCTTACCAGCGTTTGACATCCCGCGCTA
>pipelines/AmpliconNoise/output_s60_c01_163_13
ATTAGATACCCAGGTAGTCCACGCCGTAAACGATGATAACTAGCTGTCCGGGCACTTGGTGTCTGGGTGGCGCAGCTAACGCATTAAGTTATCCGCCTGGGGAGTACGGTCGCAAGATTAAAACTCAAAGGAATTGACGGGGGCCTGCACAAGCGGTGGAGCATGTGGTTTAATTCGAAGCAACGCGCAGAACCTTACCAGCGTTTGACATCCCGCGCTA
>pipelines/AmpliconNoise/output_s60_c01_164_1
ATTAGATACCCAGGTAGTCCACGCCGTAAACGATGATAACTAGCTGTCCGGGCACTTGGTGTCTGGGTGGCGCAGCTAACGCATTAAGTTATCCGCCTGGGGAGTACGGTCGCAAGATTAAAACTCAAAGGAATTGACGGGGGCCTGCACAAGCGGTGGAGCATGTGGTTTAATTCGAAGCAACGCGCAGAGCCTTACCAGCGTTTGACATCCCGCGCTA
>pipelines/AmpliconNoise/output_s60_c01_165_21
ATTAGATACCCCGGTAGTCCACGCCGTAAACGATGATAACTAGCTGTCCGGGCACTTGGTGTCTGGGTGGCGCAGCTAACGCATTAAGTTATCCGCCTGGGGAGTACGGTCGCAAGATTAAAACTCAAAGGAATTGACGGGGGCCTGCACAAGCGGTGGAGCATGTGGTTTAATTCGAAGCAACGCGCAGAACCTTACCAGCGTTTGACATCCCGCGCTA
>pipelines/AmpliconNoise/output_s60_c01_166_1
ATTAGATACCCGGGTAGTCCACGCCGTAAACGATGATAACTAGCTGTCCGGGCACTTGGTGTCTGGGTGGCGCAGCTAACGCATTAAGTTATCCGCCTGGGGGGTACGGTCGCAAGATTAAAACTCAAAGGAATTGACGGGGGCCTGCACAAGCGGTGGAGCATGTGGTTTAATTCGAAGCAACGCGCAGAACCTTACCAGCGTTTGACATCCCGCGCTA
>pipelines/AmpliconNoise/output_s60_c01_167_1
ATTAGATACCCGGGTAGTCCACGCCGTAAACGATGATAACTAGCTGTCCGGGCACTTGGTGTCTGGGTGGCGCAGCTAACGCATTAAGTTATCCGCCTGGGGAGTACGGTCGCAAGATTAAAACTCAAAGGAATTGACGGGGGCCTGCACAAGCGGTGGAGCATGTGGTTTAATTCGAAGCAACGCGCAGAACCTTACCAGCGTTTGACATCCCGCGCTG
>pipelines/AmpliconNoise/output_s60_c01_168_1
ATTAGATACCCGGGTAGTCCACGCCGTAAACGATGATAACTAGCTGTCCAGGCACTTGGTGTCTGGGTGGCGCAGCTAACGCATTAAGTTATCCGCCTGGGGAGTACGGTCGCAAGATTAAAACTCAAAGGAATTGACGGGGGCCTGCACAAGCGGTGGAGCATGTGGTTTAATTCGAAGCAACGCGCAGAACCTTACCAGCGTTTGACATCCCGCGCTA
>pipelines/AmpliconNoise/output_s60_c01_169_1
ATTAGATACCCGGGTAGTCCACGCCGTAAACGATGATAACTAGCTGTCCGGGCACTTGGTGTCTGGGTGGCGCAGCTAACGCATTAAGTTATCCGCCTGGGGAGTACGGTCGCAAGATTAAAACTCAAAGGAATTGACGGGGGCCTGCACAAGCGGTGGAGTATGTGGTTTAATTCGAAGCAACGCGCAGAACCTTACCAGCGTTTGACATCCCGCGCTA
>pipelines/AmpliconNoise/output_s60_c01_170_1
ATTAGATACCCTGGTAGTCCACGCCGTAAACGATGATAACTAGCTGTCCGGGCACTTGGTGTCTGGGTGGCGCAGCTAACGCATTAAGCTATCCGCCTGGGGAGTACGGTCGCAAGATTAAAACTCAAAGGAATTGACGGGGGCCTGCACAAGCGGTGGAGCATGTGGTTTAATTCGAAGCAACGCGCAGAACCTTACCAGCGTTTGACATCCCGCGCTA
>pipelines/AmpliconNoise/output_s60_c01_171_1
ATTAGATACCCTGGTAGTCCACGCCGTAAACGATGATAACTAGCTGTCCGGGCACTTGGTGTCTGGGTGGCGCAGCTAACGCATTAAGTTATCCGCCCGGGGAGTACGGTCGCAAGATTAAAACTCAAAGGAATTGACGGGGGCCTGCACAAGCGGTGGAGCATGTGGTTTAATTCGAAGCAACGCGCAGAACCTTACCAGCGTTTGACATCCCGCGCTA
>pipelines/AmpliconNoise/output_s60_c01_172_22
ATTAGATACCCTGGTAGTCCACGCCGTAAACGATGATAACTAGCTGTCCGGGCACTTGGTGTCTGGGTGGCGCAGCTAACGCATTAAGTTATCCGCCTGGGGAGTACGGTCGCAAGATTAAAACTCAAAGGAATTGACGGGGGCCTGCACAAGCGGTGGAGCATGTGGTTTAATTCGAAGCAACGCGCAGAACCTTACCAGCGTTTGACATCCCGCGCTA
>pipelines/AmpliconNoise/output_s60_c01_173_1
ATTAGATACCCTGGTAGTCCACGCCGTCAACGATGATAACTAGCTGTCCGGGCACTTGGTGTCTGGGTGGCGCAGCTAACGCATTAAGTTATCCGCCTGGGGAGTACGGTCGCAAGATTAAAACTCAAAGGAATTGACGGGGGCCTGCACAAGCGGTGGAGCATGTGGTTTAATTCGAAGCAACGCGCAGAACCTTACCAGCGTTTGACATCCCGCGCTA
>pipelines/AmpliconNoise/output_s60_c01_174_1
ATTAGATACCCTGGTAGTCCACGCCGTAAACGATGATAACTAGCTGTCCGGGCACTTGGTGTCTGGGTGGCGCAGCTAACGCATTAAGTTATCCGCCTGGGGAGTACGGTCGCAAGATTAAAACTCAAAGGAATTGACGGGGGCCTGCACAAGCGGTGGAGCATGTGGTTTAATTCGAAGCAACGCGCAGAACCTTACCGGCGTTTGACATCCCGCGCTA
>pipelines/AmpliconNoise/output_s60_c01_175_1
ATTAGATACCCTGGTAGTCCACGCCGTAAACGATGTCAACTAGCTGTTGGTCTTATGAATAAGATTAGTGGCGCAGCTAACGCGATAAGTTGACCGCCTGGGGAGTACGGTCGCAAGATTAAAACTCAAAGGAATTGACGGGGACCCGCACAAGCGGTGGAGTATGTGGTTTAATTCGAAGCAACGCGCAGAACCTTACCAACCCTTGACATGGGACATA
>pipelines/AmpliconNoise/output_s60_c01_176_1
ATTAGATACCCGGGTAGTCCACACTGCAAACGATGATTATTAGATGTCGGGGGGGTTACCCTTCGGTATCGCAGCTAACGCATTAAATAATCCGCCTGGGGAGTACGGTCGCAAGATTAAAACTCGAAGGAATTGACGGGGACCCGCACAAGCGGTGGAGTATGTGGTTTGATTCGAAGCAACGCGCAGAACCTTACCAACCCTTGACATGGGACGTATG
>pipelines/AmpliconNoise/output_s60_c01_177_1
ATTAGATACCCCGGTAGCCCACACTGTAAACTATGATTATTAGATGTCGGGGGGGTTACCCTTCGGTACCGCAGCTAACGCATTAAATAATCCGCCTGGGGAGTACGGTCGCAAGATTAAAACTCAAAGGAATTGACGGGGACCCGCACAAGCGGTGGAGTATGTGGTTTAATTCGAAGCAACGCGCAGAACCTTACCAACCCTTGACATGGGACGTATG
>pipelines/AmpliconNoise/output_s60_c01_178_1
ATTAGATACCCGGGTAGTCCACACTGTAAACGATGATTATTAGATGTCGGGGGGTTACCCTTCGGTATCGCAGCTAACGCATTAAATAATCCGCCTGGGGAGTACGGTCGCAAGATTAAAACTCAAAGGAATTGACGGGGACCTGCACAAGCGGTGGAGTATGTAGTTTAATTCGAAGCAACGCGCAGAACCTTACCAACCCTTGACATGGGACGTATGA
>pipelines/AmpliconNoise/output_s60_c01_179_1
ATTAGATACCCTGGTAGTCCACACTGTAAACGATAATTATTAGATGTCGGGGGGGTTACCCTTCGGTATCGCAGCTAACGCATTAAATAATCCGCCTGGGGAGTACGGTCGCAAGATTAAAGCTCAAAGGAATTGACGGGGACCCGCACAAGCGGTGGAGTATGTGGTTTAATTCGAAGCAACGCGCAGAACCTTACCAACCCTTGACATGGGACGTATG
>pipelines/AmpliconNoise/output_s60_c01_180_1
ATTAGATACCCTGGTAGTCCACACTGTAAACGATGATTATTAGATGTCGGGGGGGTTACCCTTCGGTATCGCAGCTAACGCATTAAATAATCCGCCTGGGGAGTACGGTCGCAAGATTAAAACTCAAAGGAATTGACGGGGACCCGCGCAAGCGATGGGGTATGTGGTTTAATTCGAAGCAACGCGCAGAACCTTACCAACCCTTGACATGGGACGTATG
>pipelines/AmpliconNoise/output_s60_c01_181_1
ATTAGATACCCTGGTAGTCCGCACTGTAAACGATGATTATTAGATGTCGGGGGGGGTTACCCTTCGGTATCGCAGCTAACGCATTAAATAATCCGCCTGGGGAGTACGGTCGCAAGATTAAAACTCAAAGGAATTGACGGGGACCCGCACAAGCGGTGGAGTATGTGGTTTAATTCGAAGCAACGCGCAGAACCTTACCAACCCTTGACATGGGACGTAT
>pipelines/AmpliconNoise/output_s60_c01_182_1
ATTAGATACCCAGGTAGTCCACACTGTAAACGATGATTATTAGATGTCGGGGGGGTTACCCTTCGGTATCGCAGCTAACGCATTAAATAATCCGCCTGGGGAGTACGGTCGCAAGATTAAAACTCAAAGGAATTGACGGGGACCCGCACAAGCGGTGGAGTATGTGGTTTAATGCGAAGCAACGCGCAGAACCTTACCAACCCTTGACATGGGACGTATG
>pipelines/AmpliconNoise/output_s60_c01_183_44
ATTAGATACCCAGGTAGTCCACACTGTAAACGATGATTATTAGATGTCGGGGGGGTTACCCTTCGGTATCGCAGCTAACGCATTAAATAATCCGCCTGGGGAGTACGGTCGCAAGATTAAAACTCAAAGGAATTGACGGGGACCCGCACAAGCGGTGGAGTATGTGGTTTAATTCGAAGCAACGCGCAGAACCTTACCAACCCTTGACATGGGACGTATG
>pipelines/AmpliconNoise/output_s60_c01_184_2
ATTAGATACCCAGGTAGTCCACACTGTAAACGATGATTATTAGATGTCGGGGGGGTTACCCTTCGGTATCGCGGCTAACGCATTAAATAATCTGCCTGGGGAGTACGGTCGCAAGATTAAAACTCAAAGGAATTGACGGGGACCCGCACAAGCGGTGGAGTATGTGGTTTAATTCGAAGCAACGCGCAGAACCTTACCAACCCTTGACATGGGACGTATG
>pipelines/AmpliconNoise/output_s60_c01_185_1
ATTAGATACCCTGGTAGTCCACACTGTAAACGATGATTATTAGATGTCGGGGGGTTACTCTTCGGTATCGCAGCTAACGCATTAAATAATCCGCCTGGGGAGTACGGTCGCAAGATTAAAACTCAAAGGAATTGACGGGGACCCGCACAAGCGGTGGAGTATGTGGTTTAATTCGAAGCAACGCGCAGAACCTTACCAACCCTTGACATGGGACGTATGA
>pipelines/AmpliconNoise/output_s60_c01_186_1
ATTAGATACCCTGGTAGTCCACACTGTAAACGATGATTATTAGATGTCGGGGGGTTACCCTTCGGTATCGCAGCTAACGCATTAGATAATCCGCCTGGGGAGTACGGTCGCAAGATTAAAACTCAAAGGAATTGACGGGGACCCGCACAAGCGGTGGAGTATGTGGTTTAATTCGAAGCAACGCGCAGAACCTTACCAACCCTTGACATGGGACGTATGA
>pipelines/AmpliconNoise/output_s60_c01_187_109
ATTAGATACCCTGGTAGTCCACACTGTAAACGATGATTATTAGATGTCGGGGGGGTTACCCTTCGGTATCGCAGCTAACGCATTAAATAATCCGCCTGGGGAGTACGGTCGCAAGATTAAAACTCAAAGGAATTGACGGGGACCCGCACAAGCGGTGGAGTATGTGGTTTAATTCGAAGCAACGCGCAGAACCTTACCAACCCTTGACATGGGACGTATG
>pipelines/AmpliconNoise/output_s60_c01_188_8
ATTAGATACCCTGGTAGTCCACACTGTAAACGACGATTATTAGGTGTCGGGGGGGTTACCCTTCGGTATCGCAGCTAACGCATTAAATAATCCGCCTGGGGAGTACGGTCGCAAGATTAAAACTCAAAGGAATTGACGGGGACCCGCACAAGCGGTGGAGTATGTGGTTTAATTCGAAGCAACGCGCAGAACCTTACCAACCCTTGACATGGGACGTATG
>pipelines/AmpliconNoise/output_s60_c01_189_2
ATTAGATACCCCGGTAGTCCACACTGTAAACGATGATTATTAGATGTCGGGGGGGTTACCCTTCGGTATCGCGGCTAACGCATTAAATAATCCGCCTGGGGAGTACGGTCGCAAGATTAAAACTCAAAGGAATTGACGGGGACCCGCACAAGCGGTGGAGTATGTGGTTTAATTCGAGGCAACGCGCAGAACCTTACCAACCCTTGACATGGGACGTATG
>pipelines/AmpliconNoise/output_s60_c01_190_1
ATTAGATACCCCGGTAGTCCACACTGTAAACGATGATTATTAGATGTCGGGGGGGTTACCCTTCGGTATCGCAGCTAACGCATTAAATAATCCGCCTGGGGAGTACGGTCGCAAGATTAAAACTCAAAGGAATTGACGGGGACCCGCACAAGCGGTGGAGTATGTGGTTTAATTCGAGGCAACGCGCAGAACCCTACCAACCCTTGACATGGGACGTATG
>pipelines/AmpliconNoise/output_s60_c01_191_2
ATTAGATACCCGGGTAGTCCACACTGTAAACGATGATTATTAGATGTCGGGGGGGTTACCCTTCGGTATCGCAGCTAACGCATTAAATAATCCGCCTGGGGAGTACGGTCGCAAGATTAAAACTCAAAGGAATTGACGGGGACCCGCACAAGCGGTGGAGTATGTGGCTTAATTCGAAGCAACGCGCAGAACCTTACCAACCCTTGACATGGGACGTATG
>pipelines/AmpliconNoise/output_s60_c01_192_1
ATTAGATACCCTGGTAGTCCACACTGTAAACGATGATTATTAGATGTCGGGGGGGTTACCCTTCGGTATCACAGCTAACGCATTAAATAATCCGCCTGGGGAGTACGGTCGCAAGATTAAAACTCAAAGGAATTGACGGGGACCCGCACAGGCGGTGGAGTATGTGGTTTAATTCGAAGCAACGCGCAGAACCTTACCAACCCTTGACATGGGACGTATG
>pipelines/AmpliconNoise/output_s60_c01_193_74
ATTAGATACCCGGGTAGTCCACACTGTAAACGATGATTATTAGATGTCGGGGGGGTTACCCTTCGGTATCGCAGCTAACGCATTAAATAATCCGCCTGGGGAGTACGGTCGCAAGATTAAAACTCAAAGGAATTGACGGGGACCCGCACAAGCGGTGGAGTATGTGGTTTAATTCGAAGCAACGCGCAGAACCTTACCAACCCTTGACATGGGACGTATG
>pipelines/AmpliconNoise/output_s60_c01_194_1
ATTAGATACCCCGGTAGTCCACACTGTAAACGGTGATTATTAGATGTCGGGGGGGTTACCCTTCGGTATCGCAGCTAACGCATTAAATAATCCGCTTGGGGAGTACGGTCGCAAGATTAAAACTCAAAGGAATTGACGGGGACCCGCACAAGCGGTGGAGTATGTGGTTTAATTCGAAGCAACGCGCAGAACCTTACCAACCCTTGACATGGGACGTATG
>pipelines/AmpliconNoise/output_s60_c01_195_1
ATTAGATACCCTGGTAGTCCACACTGTAAACGATGATTATTAGATGTCGGGGGGGTTACCCTTCGGTATCGCAGCTAACGCATTAAATAATCCGCCTGGGGAGTGCGGTCGCAAGATTAAAACTCAAAGGAATTGACGGGGACCCGCACAAGCGGTGGAGTATGTGGTTTAATTCGAAGCAACGCGCAGAACCCTACCAACCCTTGACATGGGACGTATG
>pipelines/AmpliconNoise/output_s60_c01_196_1
ATTAGATACCCTGGTAGTCCACACTGTAAACGATGATTATTAGATGTCGGGGGGGTTACCCTTCGGTATCGCAGCTAACGCATTAAATAATCCGCCTGGGGAGTGCGGTCGCAAGATTAAAACTCAAAGGAATTGACGGGGACCCGCACAAGCGGTGGAGTATGTGGTTTAATTCGAAGCAACGCGCAGAACCTTACCAACCCTTGACATGGGACGTATG
>pipelines/AmpliconNoise/output_s60_c01_197_1
ATTAGATACCCTGGTAGCCCACACTGTAAACGATGATTATTAGATGTCGGGGGGGTTACCCTTCGGTATCGCAGCTAACGCATTAAATAATCCGCCTGGGGAGTACGGTCGCGAGATTAAAACTCAAAGGAATTGACGGGGACCCGCACAAGCGGTGGAGTATGTGGTTTAATTCGAAGCAACGCGCAGAACCTTACCAACCCTTGACATGGGACGTATG
>pipelines/AmpliconNoise/output_s60_c01_198_75
ATTAGATACCCCGGTAGTCCACACTGTAAACGATGATTATTAGATGTCGGGGGGGTTACCCTTCGGTATCGCAGCTAACGCATTAAATAATCCGCCTGGGGAGTACGGTCGCAAGATTAAAACTCAAAGGAATTGACGGGGACCCGCACAAGCGGTGGAGTATGTGGTTTAATTCGAAGCAACGCGCAGAACCTTACCAACCCTTGACATGGGACGTATG
>pipelines/AmpliconNoise/output_s60_c01_199_3
ATTAGATACCCCGGTAGTCCACACTGTAAACGATGATTATTAGATGTCGGGGGGGTTACCCTTCGGTATCGCAGCTAGCGCATTAAATAATCCGCCTGGGGAGTACGGTCGCAAGATTAAAACTCAAAGGAATTGACGGGGACCCGCACAAGCGGTGGAGTATGTGGTTTAATTCGAAGCAACGCGCAGAACCTTACCAACCCTTGACATGGGACGTATG
>pipelines/AmpliconNoise/output_s60_c01_200_1
ATTAGATACCCTGGTAGTCCACACTGTAAACGATGATTATTAGATGTCGGGGGGGTTACCCTTCGGTATCGCAGCTAGCGCATTAAATAATCCGCCTGGGGAGTACGGTCGCAAGATTAAAACTCAAAGGAATTGACGGGGACCCGCACAAGCGGTGGAGTATGTGGTTTAATTCGAAGCAACGCGCAGAACCTTACCAACCCTTGACATGGGACGTATG
>pipelines/AmpliconNoise/output_s60_c01_201_1
ATTAGATACCCTGGTAGTCCACACTGTAAACGATGATTATTAGATGTCGGGGGGGTTACCCTTCGGTATCGCAGCTAACGCATTAAATAATCCGCCTGGGGAGTACGGTCGCAAGATTAAAACTCAAAGGAATTGACGGGGACCCGCACAAGCGGTGGAGTATGTGGTTTAATTCGAAGCAACGCGCAGAACCTTACCAACCCTTGACATGGGACGTATG
>pipelines/AmpliconNoise/output_s60_c01_202_1
ATTAGATACCCCGGTAGTCCACACTGTAAACGATGATTATTAGATGTCGGGGGGGTTACCCTTCGGTATCGCAGCTAACGCATTAAATAATCCGCCTGGGGAGTACGGTCGCAAGATTAAAACTCAAAGGAATTGACGGGGACCCGCACAAGCGGTGGAGTATGTGGTTTAATTCGAAGCAACGCGCAGAACCTTACCAACCCTTGACATGGGACGTATG
>pipelines/AmpliconNoise/output_s60_c01_203_1
ATTAGATACCCCGGTAGTCCACACTGTAAACGATGATTATTAGATGTCGGGGGGGTTACCCTTCGGTATCGCAGCTAACGCATTAAATAATCCGCCTGGGGAGTACGGTCGCAAGATTAAAACTCAAAGGAATTGACGAGGACCCGCACAAGCGGTGGAGTATGTGGTTTAATTCGAAGCAACGCGCAGAACCTTACCAACCCTTGACATGGGACGTATG
>pipelines/AmpliconNoise/output_s60_c01_204_1
ATTAGATACCCCGGTAGTCCACACTGTAAACGATGATTATTAGACGTCGGGGGGGTTACCCTTCGGTATCGCAGCTAACGCATTAAATAATCCGCCTGGGGAGTACGGTCGCAAGATTAAAACTCAAAGGAATTGACGGGGACCCGCACAAGCGGTGGAGTATGTGGTTTAATTCGAAGCAACGCGCAGAACCTTACCAACCCTTGACATGGGACGTATG
>pipelines/AmpliconNoise/output_s60_c01_205_1
ATTAGATACCCCGGTAGTCCACACTGTAAACGATGATTATTAGATGTCGGGGGGGTTACCCTTCGGTATCGCAGCTAACGCATTAAATAATCCGCCTGGGGAGTACGGTCGCAAGATTAAAACTCAAAGGAATTGACGGGGACCCGCACAAGCGGTGGAGTATGTGGTTTAATTCGAAGCAACGCGCAGAGCCTTACCAACCCTTGACATGGGACGTATG
>pipelines/AmpliconNoise/output_s60_c01_206_1
ATTAGATACCCCGGTAGTCCACACTGTAAACGATGATTATTAGATGTCGGGGGGGTTACCCTTCGGTATCGCAGCTAACGCATTAAATAATCCGCCTGGGGAGTACGGTCGCAAGATTAAAACCCAAAGGAATTGACGGGGACCCGCACAAGCGGTGGAGTATGTGGTTTAATTCGAAGCAACGCGCAGAACCTTACCAACCCTTGACATGGGACGTATG
>pipelines/AmpliconNoise/output_s60_c01_207_1
ATTAGATACCCAGGTAGTCCACACTGTAAACGATGATTATTAGATGTCGGGGGGGTTACCCTTCGGTATCGCAGCTAACGCATTAAATAATCCGCCTGGGGAGTACGGTCGCAAGATTAAAACTCAAAGGAATTGACGGGGACCCGCACAAGCGGTGGAGTATGTGGTTTAATTCGAAGCAACGCGCAGAACCTTACCAACCCTTAACATGGGACGTATG
>pipelines/AmpliconNoise/output_s60_c01_208_1
ATTAGATACCCAGGTAGTCCACACTGTAAACGATGATTATTAGATGTCGGGGGGGTTACCCTTCGGCATCGCAGCTAACGCATTAAATAATCCGCCTGGGGAGTACGGTCGCAAGATTAAAACTCAAAGGAATTGACGGGGACCCGCACAAGCGGTGGAGTATGTGGTTTAATTCGAAGCAACGCGCAGAACCTTACCAACCCTTGACATGGGACGTATG
>pipelines/AmpliconNoise/output_s60_c01_209_1
ATTAGATACCCAGGTAGTCCACACTGTAAACGATGATTATTAGATGTCGGGGGGGTTACCCTTCGGTATCGCAGCTAACGCATTAAATAATCCGCCTGGGGAGTACGGTCGCAAGATTAAAACTCAAAGGAATTGACGGGGACCCGCACATGCGGTGGAGTATGTGGTTTAATTCGAAGCAACGCGCAGAACCTTACCAACCCTTGACATGGGACGTATG
>pipelines/AmpliconNoise/output_s60_c01_210_3
ATTAGATACCCAGGTAGTCCACACTGTAAACGATGATTATTAGATGTCGGGGGGGTTACCCTTCGGTATCGCAGCTAACGCATTAAATAATCCGCCTGGGGAGTACGGTCGCAAGATTAAAACTCAAAGGAATTGACGGGGACCCGCACAAGCGGTGGAGTATGTGGTTTAATTCGAAGCAACGCGCAGAACCTTACCAACCCTTGACATGGGACGTATG
>pipelines/AmpliconNoise/output_s60_c01_211_1
ATTAGATACCCTGGTAGTCCACACTGTAAACGATGATTATTAGATGTCGGGGGGGTTACCCTTCGGTATCGCAGCTAACGCATTAAATGATCCGCCTGGGGAGTACGGTCGCAAGATTAAAACTCAAAGGAATTGACGGGGACCCGCACAAGCGGTGGAGTATGTGGTTTAATTCGAAGCAACGCGCAGAACCTTACCAACCCTTGACATGGGACGTATG
>pipelines/AmpliconNoise/output_s60_c01_212_1
ATTAGATACCCTGGTAGTCCACACTGTAAACGATGATTATTAGATGTCGGGGGGGTTACCCTTCAGTATCGCAGCTAACGCATTAAATAATCCGCCTGGGGAGTACGGTCGCAAGATTAAAACTCAAAGGAATTGACGGGGACCCGCACAAGCGGTGGAGTATGTGGTTTAATTCGAAGCAACGCGCAGAACCTTACCAACCCTTGACATGGGACGTATG
>pipelines/AmpliconNoise/output_s60_c01_213_1
ATTAGATACCCTGGTAGTCCACACTGTAAACGATGATTATTAGATGTCGGGGGGGTTACCCTTCGGTATCGCAGCTAACGCATTAAATAATCCGCCTGGGGAGTACGGTCGCAAGATTAAAACTCAAAGGAATTGACGGGGACCCGCACAAGCGGTGGAGTATGTGGTTTAATTCGAAGCAACGCGCAGAACCTTACCAGCCCTTGACATGGGACGTATG
>pipelines/AmpliconNoise/output_s60_c01_214_1
ATTAGATACCCTGGTAGTCCACACTGTAAACGATGATTATTAGATGTCGGGGGGGTTACCCTTCGGTATCGCAGCTAACGCATTAAATAATCCGCCTGGGGAGTACGGTCGCAAGATTAAAACTCAAAGGAATTGACGGGGACCCGCACAAGCGGTGGAGTATGTGGTTTAATTCGAAGCAGCGCGCAGAACCTTACCAACCCTTGACATGGGACGTATG
>pipelines/AmpliconNoise/output_s60_c01_215_1
ATTAGATACCCTGGTAGTCCACACTGTAAACGATGATTATTAGATGTCGGGGGGGTTACCCTTCGGTATCGCAGCTAACGCATTAAATAATCCGCCTGGGGAGTACGGTCGCAAGATTAAAACTCAAAGGAATTGACGGGGACCCGCACAAGCGGTGGAGTATGTGGTTTAATTCGAAGCAACGCGCAGAACCTTACCAACCCTTGACATGAGACGTATG
>pipelines/AmpliconNoise/output_s60_c01_216_2
ATTAGATACCCTGGTAGTCCACACTGTAAACGATGATTATTAGATGTCGGGGGGGTTACCCTTCGGTATCGCAGCTAACGCATTAAATAATCCGCCTGGGGAGTACGGTCGCAAGATTAAAACTCAAAGGAATTGACGGGGACCCGCACAAGCGGTGGAGTATGTGGTTTAATTCGAAGCAACGCGCAGAACCTTACCAACCCTTGACATGGGACGTATG
>pipelines/AmpliconNoise/output_s60_c01_217_1
ATTAGATACCCTGGTAGTCCACACTGTAAACGATGATTATTAGATGTCGGGGGGGTTACCCTTCGGTATCGCAGCTAACGCATTAAATAATCCGCCTGGGGAGTACGGTCGCAAGATTAAAACTCAAAGGAATTGACGGGGATCCGCACAAGCGGTGGAGTATGTGGTTTAATTCGAAGCAACGCGCAGAACCTTACCAACCCTTGACATGGGACGTATG
>pipelines/AmpliconNoise/output_s60_c01_218_1
ATTAGATACCCTGGTAGTCCACACTGTAAACGATGATTATTAGATGTCGGGGGGGTTACCCTTCGGTATCGCAGCTAACGCATTAAATAATCCGCCTGGGGAGTACGGTCGCAAGATTAAAACTCAAAGGAATTGACGGGGACCCGCACAAGCGGTGGAGTATGTGGTTTAATTCGAAGCAACGCGCAGAACCTTACCAATCCTTGACATGGGACGTATG
>pipelines/AmpliconNoise/output_s60_c01_219_1
ATTAGATACCCTGGTAGTCCACACTGTAAACGATGATTATTAGATGTCGGGGGGGTTACCCTTCGGTATCGCAGCTAACGCATTAAATAATCCGCCTGGGGAGTACGGTCGCAAGATTAAAACTCAAAGGAATTGACGGGGACCCGCACAAGCGGTGGAGTATGTGGCTTAATTCGAAGCAACGCGCAGAACCTTACCAACCCTTGACATGGGACGTATG
>pipelines/AmpliconNoise/output_s60_c01_220_1
ATTAGATACCCTGGTAGTCCACACTGTAAACGATGATTATTAGATGTCGGGGGGGTTACCCTTCGGTATCGCAGCTAACGCATTAAATAATCCGCCTGGGGAGTACGGTCGCAAGATTAAAACTCAAAGGAATTGACGGGGACCCGCACAAGCGGTGGAGTATGTGGTTTAATTCGAAACAACGCGCAGAACCTTACCAACCCTTGACATGGGACGTATG
>pipelines/AmpliconNoise/output_s60_c01_221_2
ATTAGATACCCTGGTAGTCCACACTGTAAACGATGATTATTAGATGTCGGGGGGGTTACCCTTCGGTATCGCAGCTAACGCATTAAATAATCCGCCTGGGGAGTACGGTCGCAAGATTAAAACTCAAAGGAATTGACGGGGACCCGCACAAGCGGTGGAGTATGTGGTTTAATTCGAAGCAACGCGCAGAACCTTACCAACCCTTGACATGGGACGTATA
>pipelines/AmpliconNoise/output_s60_c01_222_1
ATTAGATACCCGGGTAGTCCACACCGTAAACGATGATTATTAGATGTCGGGGGGGTTACCCTTCGGTATCGCAGCTAACGCATTAAATAATCCGCCTGGGGAGTACGGTCGCAAGATTAAAACTCAAAGGAATTGACGGGGACCCGCACAAGCGGTGGAGTATGTGGTTTAATTCGAAGCAACGCGCAGAACCTTACCAACCCTTGACATGGGACGTATG
>pipelines/AmpliconNoise/output_s60_c01_223_1
ATTAGATACCCGGGTAGTCCACACTGTAAACGATGATTATTAGATGTCGGGGGGGTTACCCTTCGGTATCGCAGCTAACGCATTAAATAATCCGCCTGGGGAGTACGGTCGCAAGATTGAAACTCAAAGGAATTGACGGGGACCCGCACAAGCGGTGGAGTATGTGGTTTAATTCGAAGCAACGCGCAGAACCTTACCAACCCTTGACATGGGACGTATG
>pipelines/AmpliconNoise/output_s60_c01_224_1
ATTAGATACCCGGGTAGTCCACACTGTAAACGATGATTATTAGATGTCGGGGGGGTTACCCTTCGGTATCGCAGCTAACGCATTAAATAATCCGCCTGGGGAGTACGGTCGCAAGATTAAAACTCAAAGGAATTGACGGGGACTCGCACAAGCGGTGGAGTATGTGGTTTAATTCGAAGCAACGCGCAGAACCTTACCAACCCTTGACATGGGACGTATG
>pipelines/AmpliconNoise/output_s60_c01_225_1
ATTAGATACCCGGGTAGTCCACACTGTAAACGATGATTATTAGATGTCGGGGGGGTTACCCTTCGGTATCGCAGCTAACGCATTAAATAATCCGCCTGGGGAGTACGGTCGCAAGATTAAAACTCAGAGGAATTGACGGGGACCCGCACAAGCGGTGGAGTATGTGGTTTAATTCGAAGCAACGCGCAGAACCTTACCAACCCTTGACATGGGACGTATG
>pipelines/AmpliconNoise/output_s60_c01_226_1
ATTAGATACCCGGGTAGTCCACACTGTAAACGATGATTATTAGATGTCGGGGGGGTTACCCTTCGGTATCGCAGCTAACGCATTAAATAATCCGCCTGGGGAGTACGGTCGCAAGATTAAAACTCAAAGGAATTGACGGGGACCCGCACAAGCGGTGGAGTATGTGGTTTAATTCGAAGCAACGCGCAGAACCTTACCAACCCTTGACGTGGGACGTATG
>pipelines/AmpliconNoise/output_s60_c01_227_3
ATTAGATACCCGGGTAGTCCACACTGTAAACGATGATTATTAGATGTCGGGGGGGTTACCCTTCGGTATCGCAACTAACGCATTAAATAATCCGCCTGGGGAGTACGGTCGCAAGATTAAAACTCAAAGGAATTGACGGGGACCCGCACAAGCGGTGGAGTATGTGGTTTAATTCGAAGCAACGCGCAGAACCTTACCAACCCTTGACATGGGACGTATG
>pipelines/AmpliconNoise/output_s60_c01_228_1
ATTAGATACCCGGGTAGTCCACACTGTAAACGATGATTATTAGATGTCGGGGGGGTTACCCTTCGGTATCGCAGCTAACGCATTAAATAATCCGCCTGGGGAGTACGGTCGCAAGATTAAAACTCAAAGGAATTGACGGGGACCCGCACAAGCGGTGGAGTATGTGGTTTAATTCGAAGCAACGCGCGGAACCTTACCAACCCTTGACATGGGACGTATG
>pipelines/AmpliconNoise/output_s60_c01_229_2
ATTAGATACCCGGGTAGTCCACACTGTAAACGATGATTATTAGATGTCGGGGGGGTTACCCTTCGGTATCGCAGCTAACGCATTAAATAATCCGCCTGGGGAGTACGGTCGCAAGATTAAAACTCAAAGGAATTGACGGGGACCCGCACAAGCGGTGGAGTATGTGGTTTGATTCGAAGCAACGCGCAGAACCTTACCAACCCTTGACATGGGACGTATG
>pipelines/AmpliconNoise/output_s60_c01_230_1
ATTAGATACCCGGGTAGTCCACACTGTAAACGATGATTATTAGATGTCGGGGGGGTTACCCTTCGGTATCGCAGCTAACGCATTAAATAATCCGCCTGGGGAGTACGGTCGCAAGATTAAAACTCAAAGGAATTGACGGGGACCCGCACAAGCGGTGGAGTATGTGGTTTAATTCGAAGCAACGCGCAGAACCTTACCAACCCTTGACATGGGACGTATG
>pipelines/AmpliconNoise/output_s60_c01_231_1
ATTAGATACCCGGGTAGTCCACACTGTAAACGATGATTATTAGATGTCGGGGGGGTTACCCTTCGGTATCGCGGCTAACGCATTAAATAATCCGCCTGGGGAGTACGGTCGCAAGATTAAAACTCAAAGGAATTGACGGGGACCCGCACAAGCGGTGGAGTATGTGGTTTAATTCGAAGCAACGCGCAGAACCTTACCAACCCTTGACATGGGACGTATG
>pipelines/AmpliconNoise/output_s60_c01_232_1
ATTAGATACCCGGGTAGTCCACACTGTAAACGATGATTATTAGATGTCGGGGGGGTTACCCTTCGGTATCGCAGCTAACGCATTAAATAATCCGCCTGGGGGGTACGGTCGCAAGATTAAAACTCAAAGGAATTGACGGGGACCCGCACAAGCGGTGGAGTATGTGGTTTAATTCGAAGCAACGCGCAGAACCTTACCAACCCTTGACATGGGACGTATG
>pipelines/AmpliconNoise/output_s60_c01_233_4
ATTAGATACCCGGGTAGTCCACACTGTAAACGGTGATTATTAGATGTCGGGGGGGTTACCCTTCGGTATCGCAGCTAACGCATTAAATAATCCGCCTGGGGAGTACGGTCGCAAGATTAAAACTCAAAGGAATTGACGGGGACCCGCACAAGCGGTGGAGTATGTGGTTTAATTCGAAGCAACGCGCAGAACCTTACCAACCCTTGACATGGGACGTATG
>pipelines/AmpliconNoise/output_s60_c01_234_1
ATTAGATACCCGGGTAGTCCACACTGTAAACGATGATTATTAGATGTCGGGGGGGTTACCCTTCGGTATCGCAGCTAACGCATTAAATAATCCGCCTGGGGAGTACGGTCGCAAGATTAAAACTCAAAGGAATTGACGGGGACCCGCACAAGCGGTGGAGTATGTGGTTTAATTCGAAGCAACGCGCAGAACCTTACCAACCCTTGACATGGGACGTATG
>pipelines/AmpliconNoise/output_s60_c01_235_2
AATTAGATACCCCGGTAGTCCACACTGTAAACGATGATTATTAGATGTCGGGGGGGTCACCCTTCGGTATCGCAGCTAACGCATTAAATAATCCGCCTGGGGAGTACGGTCGCAAGATTAAAACTCAAAGGAATTGACGGGGACCCGCACAAACGGTGGAGTATGTGGTTTAATTCGAAGCAACGCGCAGAACCTTACCAACCCTTGACATGGGACGTAT
>pipelines/AmpliconNoise/output_s60_c01_236_1
ATTAGATACCCAGGTAGCCCACGCTGTAAACGATGATTATTAGATGTCGGGAGGGTTACCTTTCGGTATCGCAGCTAACGCATTAAATAATCCGCCTGGGGAGTACAGTCGCAAGATTAAAACTCAAAGGAATTGACGGGGACCCGCACAAGCGGTGGAGTATGTGGTTTAATTCGAAGCAACGCGCAGAACCTTACCAACCCTTGACATGGGACGTATG
>pipelines/AmpliconNoise/output_s60_c01_237_1
ATTAGATACCCAGGTAGTCCACGCTGTAAACGATGATTATTAGATGTCGGGAGGGTTACCTTTTGGTATCGCAGCTAACGCATTAAATAATCCGCCTGGGGAGTACGGTCGCAAGATTAAAACTCAAAGGAATTGACGGGGACCCGCACAAGCGGTGGAGTATGTGGTTTAATTCGAAGCAACGCGCAGAACCCTACCAACCCTTGACGTGGGACGTATG
>pipelines/AmpliconNoise/output_s60_c01_238_1
ATTAGATACCCCGGTAGTCCACGCTGTAAACGGTGATTATTAGATGTCGGGAGGGTTACCTTTCGGTATCGCAGCTAACGCATTAAATAATCCGCCTGGGGAGTACGGTCGCAAGATTAAAACTCAAAAGGAATTGACGGGGACCCGCACAAGCGGTGGAGTATGTGGTTTAATTCGAAGCAACGCGCAGAACCTTACCAACCCTTGACATGGGACGTAT
>pipelines/AmpliconNoise/output_s60_c01_239_1
ATTAGATACCCTGGTAGTCCACGCTGTAAACGATGATTATTAGATGTCGGGAGGGTTACCTTTCGGTATCGCAGCTAACGCATTAAATAATCCGCCTGGGGAGTACGGTCGCAAGATTAAAACTCAAAGGAATTGACGGGGACCCACACAAGCGGTGGAGTATGTGGTTTAATTCGAAGCAACGCGCAAAACCTTACCAACCCTTGACATGGGACGTATG
>pipelines/AmpliconNoise/output_s60_c01_240_1
ATTAGATACCCTGGTAGTCCACGCTGTAAACGATGATTATTAGATGTCGGGAGGGTTACCTTCCGGTATCGCAGCTAACGCATTAAATAATCCGCCTGGGGAGTACGGTCGCAAGATTAAAACTCAAAGGAATTGACGGGGACCCGCACAAGCGGCGGAGTATGTGGTTTAATTCGAAGCAACGCGCAGAACCTTACCAACCCTTGACATGGGACGTATG
>pipelines/AmpliconNoise/output_s60_c01_241_2
ATTAGATACCCTGGTAGCCCACGCTGTAAACGATGATTATTAGATGTCGGGAGGGTTACCTTTCGGTATCGCAGCTAACGCATTAAATAATCCGCCTGGGGGGTACGGTCGCAAGATTAAAACTCAAAGGAATTGACGGGGACCCGCACAAGCGGTGGAGTATGTGGTTTAATTCGAAGCAACGCGCAGAGCCTTACCAACCCTTGACATGGGACGTATG
>pipelines/AmpliconNoise/output_s60_c01_242_1
ATTAGATACCCTGGTAGTCCGCGCTGTAAACGATGATTATTAGATGTCGGGAGGGTTACCTTTCGGTATCGCAGCTAACGCATTAAATAATCCGCCTGGGGGGTACGGTCGCAAGATTAAAACTCAAAGGAATTGACGGGGACCCGCACAAGCGGTGGAGTATGTGGTTTAATTCGAAGCAACGCGCAGAACCTTACCAACCCTTGGCATGGGACGTATG
>pipelines/AmpliconNoise/output_s60_c01_243_3
ATTAGATACCCTGGTAGTCCACGCTGTAAACGATGATTATTAGATGTCGGGAGGGTTACCTTTCGGTACCGCAGCTAACGCATTAAATAATCCGCTTGGGGAGTACGGTCGCAAGATTAAAACTCAAAGGAATTGACGGGGACCCGCACAAGCGGTGGAGTATGTGGTTTAATTCGAAGCAACGCGCAGAACCTTGCCAACCCTTGACATGGGACGTATG
>pipelines/AmpliconNoise/output_s60_c01_244_1
ATTAGATACCCTGGTAGTCCACGCTGTAAACGATGATTATTAGATGTCGGGAGGGTTACCTTTCGGTATCGCGGCTAACGCATTAAATAATCCGCCTGGGGAGTACGGTCGCAAGATTAAAACTCAAAGGAATTGACGGGGACCCGCACAAGCGGTGGAGTATGTGGTTTAATTCGAAGCAACGCGCAGAACCTTACCAACCCTTGACATGGGACGTATG
>pipelines/AmpliconNoise/output_s60_c01_245_1
ATTAGATACCCGGGTAGTCCACGCTGTAAACGATGATTATTAGATGTCGGGAGGGTTACCTTTCGGTATCGCAGCTAACGCATTAAATAATCCGCCTGGGGAGTACGGTCGCAAGATTAAAACTCAAAGGAATTGATGGGGACCCGCGCAAGCGGTGGAGTATGTGGTTTAATTCGAAGCAACGCGCAGAACCTTACCAACCCTTGACATGGGACGTATG
>pipelines/AmpliconNoise/output_s60_c01_246_1
ATTAGATACCCGGGTAGTCCACGCTGTAAGCGATGATTATTAGATGTCGGGAGGGTTACCTTTCGGTATCGCAGCTAACGCATTAAATAATCCGCCTGGGGAGTACGGTCGCAAGATTAAAACTCAAAGGAATTGATGGGGACCCGCACAAGCGGTGGAGTATGTGGTTTAATTCGAAGCAACGCGCAGAACCTTACCAACCCTTGACATGGGACGTATG
>pipelines/AmpliconNoise/output_s60_c01_247_1
ATTAGATACCCAGGTAGTCCACGCTGTAAACGATGATTATTAGATGTCGGGAGGGTTACCTTTCGGTATCGCAGCTAACGCATTAAATAATCCGCCTGGGGAGTATGGTCGCAAGATTAAAACTCAAAGGAATTGACGGGGACCCGCACAAGCGGTGGAGTATGTGGTTTAATTCGAAGCAACGCGCAGAACCTTACCAACCCTTGACATGGGACGTATG
>pipelines/AmpliconNoise/output_s60_c01_248_1
ATTAGATACCCAGGTAGTCCACGCTGTAAACGATGATTATTAGATGTCGGGAGGGTTACTTTCAGTATCGCAGCTAACGCATTAAATAATCCGCCTGGGGAGTACGGTCGCAAGATTAAAACTCAAAGGAATTGACGGGGACCCGCACAAGCGGTGGAGTATGTGGTTTAATTCGAAGCAACGCGCAGAACCTTACCAACCCTTGACATGGGACGTATGA
>pipelines/AmpliconNoise/output_s60_c01_249_1
ATTAGATACCCAGGTAGTCCACGCTGTAAACGATGATTATTAGATGTCGGGAGGGTTACCTTTCGGTATCGCAGCTAACGCATTAAATAATCCGCCTGGGGAGTACGGTCGCAAGATTAAAACTCAAAGGAATTGACGGGGGACCCGCACAAGCGGTGGAGTATGTGGTTTAATTCGAAGCAACGCGCAGAACCTTACCAACCCTTGACATGGGACGTAC
>pipelines/AmpliconNoise/output_s60_c01_250_1
ATTAGATACCCGGGTAGTCCACGCTGTAAACGATGATTATTAGATGTCGGGAGGGTTACCTTTCGGTATCGCAGCTAACGCATTAAATAATCCGCCTGGGGAGTACGGTCGCAAGATTAAAACTCAAAGGAATTGACGGGGACCCGCACAAGCGGTGGAGCATGTGGTTTAATTCGAAGCAACGCGCAGAACCTTACCAACCCTTGACATGGGACGTATG
>pipelines/AmpliconNoise/output_s60_c01_251_3
ATTAGATACCCCGGTAGTCCACGCTGTAAACGATGATTATTAGATGTCGGGAGGGTTACCTTTCGGTACCGCAGCTAACGCATTAAATAACCCGCCTGGGGAGTACGGTCGCAAGATTAAAACTCAAAGGAATTGACGGGGACCCGCACAAGCGGTGGAGTATGTGGTTTAATTCGAAGCAACGCGCAGAACCTTACCAACCCTTGACATGGGACGTATG
>pipelines/AmpliconNoise/output_s60_c01_252_1
ATTAGATACCCCGGTAGTCCACGCTGTAAACGATGATTATTAGATGTCGGGAGGGTTACCTTCCGGTATCGCAGCTAACGCATTAAATAATCCGCCTGGGGAGTACGGTCGCAAGATTAAAACTCAAAGGAATTGACGGGGACCCGCACAAGCGGTGGAGTATGTGGTTTAATTCGAAGCAACGCGCAGAACCTTACCAACCCTTGACACGGGACGTATG
>pipelines/AmpliconNoise/output_s60_c01_253_1
ATTAGATACCCGGGTAGTCCACGCTGTAAACGATGATTATTAGATGCCGGGAGGGTTACCTTTCGGTATCGCAGCTAACGCATTAAATAATCCGCCTGGGGAGTACGGTCGCAAGATTAAAACTCAAAGGAATTGACGGGGACCCGCACAAGCGGTGGAGTATGTGGTTTAATTCGAAGCAACGCGCAGAACCTTACCAACCCTTGACATGGGACGTATG
>pipelines/AmpliconNoise/output_s60_c01_254_1
ATTAGATACCCTGGTAGTCCACGCTGTAAACGATGATTATTAGATGTCGGGAGGGTTACCTTTCGGTATCGCAGCTAACGCATTAAATAATCCGCCTGGGGAGTACGGTCGCAAGATTAAAACTCAAAGGGATTGACGGGGACCCGCACAAGCGGTGGAGTATGTGGTTTAATTCGAAGCAACGCGCAGAACCTTACCAACCCTTGACATGGGACGCATG
>pipelines/AmpliconNoise/output_s60_c01_255_3
ATTAGATACCCTGGTAGTCCACGCTGTAAACGATGATTATTAGATGTCAGGAGGGTTACCTTTCGGTATCGCAGCTAACGCATTAAATAATCCGCCTGGGGAGTACGGTCGCAAGATTAAAACTCAAAGGAATTGACGGGGACCCGCACAAGCGGTGGAGTATGTGGTTTAATCCGAAGCAACGCGCAGAACCTTACCAACCCTTGACATGGGACGTATG
>pipelines/AmpliconNoise/output_s60_c01_256_1
ATTAGATACCCTGGTAGTCCACGCTGTAAACGATGATTATTAGGTGTCGGGAGGGTTACCTTTCGGTATCGCAGCTAACGCATTAAATAATCCGCCTGGGGGTACGGTCGCAAGATTAAAACTCAAAGGAATTGACGGGGACCCGCACAAGCGGTGGAGTATGTGGTTTAATTCGAAGCAACGCGCAGAACCTTACCAACCCTTGACATGGGACGTATGA
>pipelines/AmpliconNoise/output_s60_c01_257_1
ATTAGATACCCTGGTAGTCCACGCTGTAAACGATGATTATTAGATGTCGGGAGGGTTACCTTTCGGTATCGCAGCTAACGCATTAAATAATCCGCCTGGGGAGTACGGTCGCAAGATTAAAACTCAAAGGAATTGACGGGGACCCACACAAGCGGTGGAGTATGTGGTTTAATTCGAAGCAACGCGCAGAACCTTACCAACCCTTGACCTGGGACGTATG
>pipelines/AmpliconNoise/output_s60_c01_258_3
ATTAGATACCCTGGTAGTCCACGCTGTAAACGATGATTATTAGATGTCGGGAGGGTTACCTTTCGGTATCGCAGCTAACGCATTAAATAATCCGCCTGGGGAGTACGGTCGCAAGATTAAAACTCAAAGGAATTGACGGGGGCCCGCACAAGCGGTGGAGTATGTGGTTTAATTCGAAGCAACGCGCAGAACCTTGCCAACCCTTGACATGGGACGTATG
>pipelines/AmpliconNoise/output_s60_c01_259_61
ATTAGATACCCCGGTAGTCCACGCTGTAAACGATGATTATTAGATGTCGGGAGGGTTACCTTTCGGTATCGCAGCTAACGCATTAAATAATCCGCCTGGGGAGTACGGTCGCAAGATTAAAACTCAAAGGAATTGACGGGGACCCGCACAAGCGGTGGAGTATGTGGTTTAATTCGAAGCAACGCGCAGAACCTTACCAACCCTTGACATGGGACGTATG
>pipelines/AmpliconNoise/output_s60_c01_260_87
ATTAGATACCCGGGTAGTCCACGCTGTAAACGATGATTATTAGATGTCGGGAGGGTTACCTTTCGGTATCGCAGCTAACGCATTAAATAATCCGCCTGGGGAGTACGGTCGCAAGATTAAAACTCAAAGGAATTGACGGGGACCCGCACAAGCGGTGGAGTATGTGGTTTAATTCGAAGCAACGCGCAGAACCTTACCAACCCTTGACATGGGACGTATG
>pipelines/AmpliconNoise/output_s60_c01_261_1
ATTAGATACCCAGGTAGTCCACGCTGTAAACGATGATTATTAGATGTCGGGAGGGTTACCTTTCGGTATCGCAGCTAACGCATTAAATAATCCGCCTGGGGAGTACGGTCGCAAGATTAAAACCCAAAGGAATTGACGGGGACCCGCACAAGCGGTGGAGTATGTGGTTTAATTCGAAGCAACGCGCAGAACCTTACCAAACCCTTGACATGGGACGTAT
>pipelines/AmpliconNoise/output_s60_c01_262_1
ATTAGATACCCTGGTAGTCCACGCTGTAAACGATGATTATTAGATGTCGGGAGGGTTACCTTTCGGTATCGCAGCTAACGCATTAAATAATCCGCCTGGGGAGTACGGTCGCAAGATTAAAACTCAAAGGAATTGACGGGGACCCGCACAAGCGGTGGAGTATGTGGTCTAATTCGAAGCAACGCGCAGAACCTTACCAACCCTTGACATGGGACGTATG
>pipelines/AmpliconNoise/output_s60_c01_263_1
ATTAGATACCCTGGTAGTCCACGCTGTAAACGATGATTATTAGATGTCGGGAGGGTTACCTTTCGGTATCGCAGCTAACGCATTAAATAATCCGCCTGGGGAGTACGGTCGCAAGATTAAAACTCAAAGGAATTGACGGGGACCCGCACAAGCGGTGGAGTATGTGGTCTAATTCGAAGCAACGCGCAGAACCTTACCAACCCTTGACATGAGACGTATG
>pipelines/AmpliconNoise/output_s60_c01_264_111
ATTAGATACCCTGGTAGTCCACGCTGTAAACGATGATTATTAGATGTCGGGAGGGTTACCTTTCGGTATCGCAGCTAACGCATTAAATAATCCGCCTGGGGAGTACGGTCGCAAGATTAAAACTCAAAGGAATTGACGGGGACCCGCACAAGCGGTGGAGTATGTGGTTTAATTCGAAGCAACGCGCAGAACCTTACCAACCCTTGACATGGGACGTATG
>pipelines/AmpliconNoise/output_s60_c01_265_1
ATTAGATACCCTGGTAGTCCACGCTGTAAACGATGATTATTAGATGTCGGGAGGGTTACCTTTCGGTATCGCAGCTAACGCATTAAATAATCCGCCTGGGGAGTACGGTCGCAAGATTAAAACTCAAAGGAATTGACGGGGACCCGCACAAGCGGTGGAGTATGTGGTTTAATTCGAAGCAACGCGCAGAACCTTACCAACCCTTGACATGGGACGTATG
>pipelines/AmpliconNoise/output_s60_c01_266_1
ATTAGATACCCGGGTAGTCCACGCTGTAAACGATGATTATTAGATGTCGGGAGGGTTACCTTTCGGTATCGCAGCTAACGCATTAAATAATCCGCCTGGGGAGTACGGTCGCAAGATTAAAACTCAAAGGAATTGACAGGGACCCGCACAAGCGGTGGAGTATGTGGTTTAATTCGAAGCAACGCGCAGAACCTTACCAACCCTTGACATGGGACGTATG
>pipelines/AmpliconNoise/output_s60_c01_267_1
ATTAGATACCCAGGTAGTCCACGCTGTAAACGATGATTATTAGATGTCGGGAGGGTTACCTTTCGGTATCGCAGCTAACGCATTAAATAATCCGCCTGGGGAGTACGGTCGCAAGATTAAAACTCAAAGGAATTGACAGGGACCCGCACAAGCGGTGGAGTATGTGGTTTAATTCGAAGCAACGCGCAGAACCTTACCAACCCTTGACATGGGACGTATG
>pipelines/AmpliconNoise/output_s60_c01_268_38
ATTAGATACCCAGGTAGTCCACGCTGTAAACGATGATTATTAGATGTCGGGAGGGTTACCTTTCGGTATCGCAGCTAACGCATTAAATAATCCGCCTGGGGAGTACGGTCGCAAGATTAAAACTCAAAGGAATTGACGGGGACCCGCACAAGCGGTGGAGTATGTGGTTTAATTCGAAGCAACGCGCAGAACCTTACCAACCCTTGACATGGGACGTATG
>pipelines/AmpliconNoise/output_s60_c01_269_1
ATTAGATACCCTGGTAGTCCACGCTGTAAACGATGATTATTAGATGTCGGGAGGGTTACCTTTCGGTATCGCAGCTAACGCATTAAATAATCCGCCTGGGGAGTACGGTCGCAAGATTAAAACTCAAAGGAATTGACGGGGACCCGCACAAGCGGTGGAGTATGTGGTTTAATTCGAAGCAACGCGCAGAACCTTACCAACCCTTGACATGGGACGTATG
>pipelines/AmpliconNoise/output_s60_c01_270_1
ATTAGATACCCAGGTAGTCCACGCTGTAAACGATGATTATTAGATGTCGGGAGGGTTACCTTTCGGTATCGCAGCTAACGCATTAAATAATCCGCCTGGGGAGTACGGTCGCAAGATTAAAACTCAAAGGAATTGACGGGGACCCGCACAAGCGGTGGAGTATGTGGTTTAATTCGAAGCAACGCGCAGAACCTTACCAACCCTTGACATGGGACGTATG
>pipelines/AmpliconNoise/output_s60_c01_271_2
ATTAGATACCCTGGTAGTCCACGCTGTAAACGATGATTATTAGATGTCGGGAGGGTTACCTTTCGGTATCGCAGCTAGCGCATTAAATAATCCGCCTGGGGAGTACGGTCGCAAGATTAAAACTCAAAGGAATTGACGGGGACCCGCACAAGCGGTGGAGTATGTGGTTTAATTCGAAGCAACGCGCAGAACCTTACCAACCCTTGACATGGGACGTATG
>pipelines/AmpliconNoise/output_s60_c01_272_1
ATTAGATACCCGGGTAGTCCACGCTGTAAACGATGATTATTAGATGTCGGGAGGGTTACCTTTCGGTATCGCAGCTAGCGCATTAAATAATCCGCCTGGGGAGTACGGTCGCAAGATTAAAACTCAAAGGAATTGACGGGGACCCGCACAAGCGGTGGAGTATGTGGTTTAATTCGAAGCAACGCGCAGAACCTTACCAACCCTTGACATGGGACGTATG
>pipelines/AmpliconNoise/output_s60_c01_273_2
ATTAGATACCCCGGTAGTCCACGCTGTAAACGATGATTATTAGATGTCGGGAGGGTTACCTTTCGGTATCGCAGCTAACGCATTAAATAATCCGCCTGGGGAGTACGGTCGCAAGATTAAAACTCAAAGGAATTGACGGGGACCCGCACAAGCGGTGGAGTATGTGGTTTAATTCGAAGCAACGCGCAGAACCTTACCAACCCTTGACATGGGACGTATG
>pipelines/AmpliconNoise/output_s60_c01_274_1
ATTAGATACCCCGGTAGTCCACGCTGTAAACGATGATTATTAGATGTCGGGAGGGTTACCTTTCGGTATCGCAGCTAACGCATTAAATAATCCGCCTGGGGGGTACGGTCGCAAGATTAAAACTCAAAGGAATTGACGGGGACCCGCACAAGCGGTGGAGTATGTGGTTTAATTCGAAGCAACGCGCAGAACCTTACCAACCCTTGACATGGGACGTATG
>pipelines/AmpliconNoise/output_s60_c01_275_1
ATTAGATACCCCGGTAGTCCACGCTGTAAACGATGATTATTAGATGTCGGGAGGGTTACCTTTCGGTATCGCAGCTAACGCATTAAATAATCCGCCTGGGGAGTACGGTCGCAAGATTAAAACTCAAAGGAATTGACGGGGACCCGCACAAGCGGTGGAGTATGTGGTTTAATTCGAAGCAACGCGCAGAACCTTACCAACCCTTGACGTGGGACGTATG
>pipelines/AmpliconNoise/output_s60_c01_276_1
ATTAGATACCCGGGTAGTCCACGCTGTAAACGATGATTATTAGATGTCGGGAGGGTTACCTTTCGGTATCGCAGCTAACGCATTAAATAATCCGCCTGGGGAGTACGGTCGCAAGATTAAAACTCAAAGGAATTGACGGGGACCTGCACAAGCGGTGGAGTATGTGGTTTAATTCGAAGCAACGCGCAGAACCTTACCAACCCTTGACATGGGACGTATG
>pipelines/AmpliconNoise/output_s60_c01_277_1
ATTAGATACCCGGGTAGTCCACGCTGTAAACGATGATTATTAGATGTCGGGAGGGCTACCTTTCGGTATCGCAGCTAACGCATTAAATAATCCGCCTGGGGAGTACGGTCGCAAGATTAAAACTCAAAGGAATTGACGGGGACCCGCACAAGCGGTGGAGTATGTGGTTTAATTCGAAGCAACGCGCAGAACCTTACCAACCCTTGACATGGGACGTATG
>pipelines/AmpliconNoise/output_s60_c01_278_1
ATTAGATACCCGGGTAGTCCACGCTGTAAACGATGATTATTAGATGTCGGGAGGGTTACCTTTCGGTATCGCAGCTAACGCATTAAATAATCCGCCTGGGGAGTACGGTCGCAAGATTAAAACTCAAAGGAATTGACGGGGACCCGCACAAGCGGTGGAGTATGTGGTTTAATTCGAAGCATCGCGCAGAACCTTACCAACCCTTGACATGGGACGTATG
>pipelines/AmpliconNoise/output_s60_c01_279_1
ATTAGATACCCGGGTAGTCCACGCTGTAAACGATGATTATTAGATGTCGGGAGGGTTACCTTTCGGCATCGCAGCTAACGCATTAAATAATCCGCCTGGGGAGTACGGTCGCAAGATTAAAACTCAAAGGAATTGACGGGGACCCGCACAAGCGGTGGAGTATGTGGTTTAATTCGAAGCAACGCGCAGAACCTTACCAACCCTTGACATGGGACGTATG
>pipelines/AmpliconNoise/output_s60_c01_280_1
ATTAGATACCCGGGTAGTCCACGCTGTAAACGATGATTATTAGATGTCGGGAGGGTTACCTTTCGGTATCGCAGCTAACGCATTAAATAATCCGCCTGGGGAGTACGGTCGCAAGATTAAAACTCAAAGGAATTGACGGGGACCCGCACAAGCGGTGGAGTATGTGGTTTAATTCGAAGCAACGCGCAGAACCTTACCAACCCTTGACATGGGATGTATG
>pipelines/AmpliconNoise/output_s60_c01_281_1
ATTAGATACCCGGGTAGTCCACGCTGTAAACGATGATTATTAGATGTCGGGAGGGTTACCTTTCGGTATCGCAGCTAACGCATTAAATAATCCGCCTGGGGAGTACGGTCGCAAGATTAAAACTCAAAGGAATTGACGGGGATCCGCACAAGCGGTGGAGTATGTGGTTTAATTCGAAGCAACGCGCAGAACCTTACCAACCCTTGACATGGGACGTATG
>pipelines/AmpliconNoise/output_s60_c01_282_1
ATTAGATACCCGGGTAGTCCACGCTGTAAACGATGATTATTAGATGTCGGGAGGGTTACCTTTCGGTATCGCAGCTAACGCATTAAATAATCCGCCTGGGGAGTACGGTCGCAAGATTAAAACTCAAAGGAATTGACGGGGACCCCCACAAGCGGTGGAGTATGTGGTTTAATTCGAAGCAACGCGCAGAACCTTACCAACCCTTGACATGGGACGTATG
>pipelines/AmpliconNoise/output_s60_c01_283_1
ATTAGATACCCGGGTAGTCCACGCTGTAAACGATGATTATTAGATGTCGGGAGGGTTACCTTTCGGTATCGCAGCTAACGCATTAAATAATCCGCCTGGGGAGTACGGTCGCAAGGTTAAAACTCAAAGGAATTGACGGGGACCCGCACAAGCGGTGGAGTATGTGGTTTAATTCGAAGCAACGCGCAGAACCTTACCAACCCTTGACATGGGACGTATG
>pipelines/AmpliconNoise/output_s60_c01_284_1
ATTAGATACCCGGGTAGTCCACGCTGTAAACGATGATTATTAGATGTCGGGAGGGTTACCTTTCGGTATCGCAGCTAACGCATTAAATAATCCGCCTGGGGAGTACGGTCGCAAGATTAAAACCCAAAGGAATTGACGGGGACCCGCACAAGCGGTGGAGTATGTGGTTTAATTCGAAGCAACGCGCAGAACCTTACCAACCCTTGACATGGGACGTATG
>pipelines/AmpliconNoise/output_s60_c01_285_1
ATTAGATACCCGGGTAGTCCACGCTGTAAACGATGATTATTAGATGTCGGGAGGGTTACCTTTCGGTATCGCAGCTAACGCATTAAATAATCCGCCTGGGGAGTACGGTCGCAAGATTAAAACTCAAAGGAATTGACGGGGACCCGCACAAGCGGTGGAGTATGTGGTTTAATTCGAAGCAACGCGCAGAACCTTACCAACCCTTGACATGGGACGTACG
>pipelines/AmpliconNoise/output_s60_c01_286_1
ATTAGATACCCGGGTAGTCCACGCTGTAAACGATGATTATTAGATGTCGGGAGGGTTACCTTTCGGTATCGCAGCTAACGCGTTAAATAATCCGCCTGGGGAGTACGGTCGCAAGATTAAAACTCAAAGGAATTGACGGGGACCCGCACAAGCGGTGGAGTATGTGGTTTAATTCGAAGCAACGCGCAGAACCTTACCAACCCTTGACATGGGACGTATG
>pipelines/AmpliconNoise/output_s60_c01_287_1
ATTAGATACCCAGGTAGTCCACGCTGTAAACGATGATTATTAGATGTCGGGAGGGTTACCTTTCGGTATCGCAGCTAACGCATTAAATAATCCGCCTGGGGAGCACGGTCGCAAGATTAAAACTCAAAGGAATTGACGGGGACCCGCACAAGCGGTGGAGTATGTGGTTTAATTCGAAGCAACGCGCAGAACCTTACCAACCCTTGACATGGGACGTATG
>pipelines/AmpliconNoise/output_s60_c01_288_2
ATTAGATACCCAGGTAGTCCACGCTGTAAACGATGATTATTAGATGTCGGGAGGGTTACCTTTCGGTATCGCAGCTAACGCATTAAATAATCCGCCTGGGGAGTACGGTCGCAAGATTAAAACTCAGAGGAATTGACGGGGACCCGCACAAGCGGTGGAGTATGTGGTTTAATTCGAAGCAACGCGCAGAACCTTACCAACCCTTGACATGGGACGTATG
>pipelines/AmpliconNoise/output_s60_c01_289_1
ATTAGATACCCAGGTAGTCCACGCTGTAAACGATGATTATTAGATGTCGGGAGGGTTACCTTTCGGTATCGTAGCTAACGCATTAAATAATCCGCCTGGGGAGTACGGTCGCAAGATTAAAACTCAAAGGAATTGACGGGGACCCGCACAAGCGGTGGAGTATGTGGTTTAATTCGAAGCAACGCGCAGAACCTTACCAACCCTTGACATGGGACGTATG
>pipelines/AmpliconNoise/output_s60_c01_290_1
ATTAGATACCCTGGTAGTCCACGCTGTAAACGATGATTATTAGATGTCGGGAGGGTTACCTTTCGGTATCGCAGCTAACGCATTAAATAATCCGCCTGGGGAGTACGGTCGCAAGATTGAAACTCAAAGGAATTGACGGGGACCCGCACAAGCGGTGGAGTATGTGGTTTAATTCGAAGCAACGCGCAGAACCTTACCAACCCTTGACATGGGACGTATG
>pipelines/AmpliconNoise/output_s60_c01_291_1
ATTAGATACCCTGGTAGTCCACGCTGTAAACGATGATTATTAGATGTCGGGAGGGTTACCTTTCGGTATCGCAGCTAACGCATTAAATAATCCGCCTGGGGAGTACGGTCGCAAGATTAAAACTCAAAGGAATTGACGGGGACCCGCACAAGCGGTGGAGTATGTGGTTTAATTCGAAGCAACGCGCAGAACCTTACCAACCCTTGACATGGGACGTATG
>pipelines/AmpliconNoise/output_s60_c01_292_1
ATTAGATACCCTGGTAGTCCACGCTGCAAACGATGATTATTAGATGTCGGGAGGGTTACCTTTCGGTATCGCAGCTAACGCATTAAATAATCCGCCTGGGGAGTACGGTCGCAAGATTAAAACTCAAAGGAATTGACGGGGACCCGCACAAGCGGTGGAGTATGTGGTTTAATTCGAAGCAACGCGCAGAACCTTACCAACCCTTGACATGGGACGTATG
>pipelines/AmpliconNoise/output_s60_c01_293_2
ATTAGATACCCTGGTAGTCCACGCTGTAAACGATGATCATTAGATGTCGGGAGGGTTACCTTTCGGTATCGCAGCTAACGCATTAAATAATCCGCCTGGGGAGTACGGTCGCAAGATTAAAACTCAAAGGAATTGACGGGGACCCGCACAAGCGGTGGAGTATGTGGTTTAATTCGAAGCAACGCGCAGAACCTTACCAACCCTTGACATGGGACGTATG
>pipelines/AmpliconNoise/output_s60_c01_294_1
ATTAGATACCCTGGTAGTCCACGCTGTAAACGATGATTATTAGATGTCGGGAGGGTTACCTTTCGGTATCGCAGCTAACGCATTAAATAATCCGCCTGGGGAGTACGGTCGCAAGATTAAAACTCAAAGGAATTGACGGGGACCCGCACAAGCGGTGGAGTATGTGGTTTAATTCGAAGCAACGCGCAGAACCTTACCAGCCCTTGACATGGGACGTATG
>pipelines/AmpliconNoise/output_s60_c01_295_2
ATTAGATACCCTGGTAGTCCACGCTGTAAACGATGATTATTAGATGTCGGGAGGGTTACCTATCGGTATCGCAGCTAACGCATTAAATAATCCGCCTGGGGAGTACGGTCGCAAGATTAAAACTCAAAGGAATTGACGGGGACCCGCACAAGCGGTGGAGTATGTGGTTTAATTCGAAGCAACGCGCAGAACCTTACCAACCCTTGACATGGGACGTATG
>pipelines/AmpliconNoise/output_s60_c01_296_2
ATTAGATACCCTGGTAGTCCACGCTGTAAACGATGATTATTAGATGTCGGGAGGGTTACCTTTCGGTATCGCAGCTAACGCATTAAATAATCCGCCTGGGGAGTACGGTCGCAAGATTAAAACTCAAAGGAATTGACGGGGACCCGCACAAGCGGTGGAGTATGTGGTTTAATTCGAAGCAACGCGCAGAACCTTACCAACCCTTGACTTGGGACGTATG
>pipelines/AmpliconNoise/output_s60_c01_297_1
ATTAGATACCCTGGTAGTCCACGCTGTAAACGGTGATTATTAGATGTCGGGAGGGTTACCTTTCGGTATCGCAGCTAACGCATTAAATAATCCGCCTGGGGAGTACGGTCGCAAGATTAAAACTCAAAGGAATTGACGGGGACCCGCACAAGCGGTGGAGTATGTGGTTTAATTCGAAGCAACGCGCAGAACCTTACCAACCCTTGACATGGGACGTATG
>pipelines/AmpliconNoise/output_s60_c01_298_1
ATTAGATACCCTGGTAGTCCACGCTGTAAACGATGATTATTAGATGTCGGGAGGGTTACCTTTCGGTATCGCAGCTAACGTATTAAATAATCCGCCTGGGGAGTACGGTCGCAAGATTAAAACTCAAAGGAATTGACGGGGACCCGCACAAGCGGTGGAGTATGTGGTTTAATTCGAAGCAACGCGCAGAACCTTACCAACCCTTGACATGGGACGTATG
>pipelines/AmpliconNoise/output_s60_c01_299_2
ATTAGATACCCTGGTAGTCCACGCTGTAAACGATGATTATTAGATGTCGGGAGGGTTACCTTTCGGTATCGCAGCTAACGCATTAAATAATCCGCCTGGGGAGTACGGTCGCAAGATTAAAACTCAAAGGAATTGACGGGGACCCGCACAAGCGGTGGAGTATGTGGTTTAATTCGAAGCAACGCGCAGAACCTTACCAACCCTTGACATGGGACGTATG
>pipelines/AmpliconNoise/output_s60_c01_300_1
ATTAGATACCCTGGTAGTCCACGCTGTAAACGATGGTTATTAGATGTCGGGAGGGTTACCTTTCGGTATCGCAGCTAACGCATTAAATAATCCGCCTGGGGAGTACGGTCGCAAGATTAAAACTCAAAGGAATTGACGGGGACCCGCACAAGCGGTGGAGTATGTGGTTTAATTCGAAGCAACGCGCAGAACCTTACCAACCCTTGACATGGGACGTATG
>pipelines/AmpliconNoise/output_s60_c01_301_3
ATTAGATACCCTGGTAGTCCACGCTGTAAACGATGATTATTAGATGTCGGGAGGGTTACCTTTCGGTATCGCGGCTAACGCATTAAATAATCCGCCTGGGGAGTACGGTCGCAAGATTAAAACTCAAAGGAATTGACGGGGACCCGCACAAGCGGTGGAGTATGTGGTTTAATTCGAAGCAACGCGCAGAACCTTACCAACCCTTGACATGGGACGTATG
>pipelines/AmpliconNoise/output_s60_c01_302_1
ATTAGATACCCCGGTAGTCCACGCTGTAAACGATGATTATTAGATGTCGGGGGGGCTACCCTTCGGTATCGCAGCTAACGCATTAGATAATCCGCCTGGGGAGTACGGTCGCAAGATTAAAACTCAAAGGAATTGACGGGGACCCGCACAAGCGGTGAAGTATGTGGTTTAATTCGAAGCAACGCGCAGAACCTTACCAACCCTTGACATGGGACGTATG
>pipelines/AmpliconNoise/output_s60_c01_303_1
ATTAGATACCCCGGTAGTCCACGCTGTAAACGATGATTACTAGATGTCGGGGGGGTTACCCTTCGGTATCGCAGCTAACGCATTAAATAATCCGCCTGGGGAGTACGGTCACAAGATTAAAACTCAAAGGAATTGACGGGGACCCGCACAAGCGGTGGAGTATGTGGTTTAATTCGAAGCAACGCGCAGAACCTTACCAACCCTTGACATGGGACGTATG
>pipelines/AmpliconNoise/output_s60_c01_304_76
ATTAGATACCCGGGTAGTCCACGCTGTAAACGATGATTATTAGATGTCGGGGGGGTTACCCTTCGGTATCGCAGCTAACGCATTAAATAATCCGCCTGGGGAGTACGGTCGCAAGATTAAAACTCAAAGGAATTGACGGGGACCCGCACAAGCGGTGGAGTATGTGGTTTAATTCGAAGCAACGCGCAGAACCTTACCAACCCTTGACATGGGACGTATG
>pipelines/AmpliconNoise/output_s60_c01_305_1
ATTAGATACCCGGGTAGTCCACGCTGTAAACGATGATTATTAGATGTCGGGGGGGTTACCCTTCGGTATCGCAGCTAACGCATTAAATAATCCGCCTGGGGAGTACGGGTCGCAAGATTAAAACTCAAAGGAATTGACGGGGACCCGCACAAGCGGTGGAGTATGTGGTTTAATTCGAAGCAACGCGCAGAACCTTACCAAACCCTTGACATGGGACGTA
>pipelines/AmpliconNoise/output_s60_c01_306_1
ATTAGATACCCTGGTAGTCCACGCTGTAAACGATGATTATTAGATGTCGGGGGGGTTACCCTTCGGTATCGCAGCTAACGCATTAAATAATCCGCCTGGGGAGTACGGTCGCAAGATTAAAACTCAAAGGAATTGACGGGGACCCGCACAAGCGGTGGAGTATGTGGTTTGATCCGAAGCAACGCGCAGAACCTTACCAACCCTTGACATGGGACGTATG
>pipelines/AmpliconNoise/output_s60_c01_307_2
ATTAGATACCCTGGTAGTCCACGCTGTAAACGCTGATTATTAGATGGTCGGGGGGGTCACCCTTCGGTATCGCAGCTAACGCATTAAATAATCCGCCTGGGGAGTACGGTCGCAAGATTAAAACTCAAAGGAATTGACGGGGACCCGCACAAGCGGTGGAGTATGTGGTTTAATTCGAAGCAACGCGCAGAACCTTACCAACCCTTGACATGGGACGTAT
>pipelines/AmpliconNoise/output_s60_c01_308_1
ATTAGATACCCTGGTAGTCCACGCTGTAAACGATGATTATTAGATGTCGGGGGGGTTACCCTTCGGTATCGCAGCTAACGCATTAAATAATCCGCCTGGGGAGTACGGTCGCATGGTTAAAACTCAAAGGAACTGACGGGGACCCGCACAAGCGGTGGAGTATGTGGTTTAATTCGAAGCAACGCGCAGAACCTTACCAACCCTTGACATGGGACGTATG
>pipelines/AmpliconNoise/output_s60_c01_309_1
ATTAGATACCCTGGTAGTCCACGCTGTAAACGGTGATTATTAGATGTCGGGGGGGTTACCCTTCGGTATCGCAGCTAACGCATTAAATAATCCGCCTGGGGAGTACGGTCGCAAGATTAAAACTCAAAGGAACTGACGGGGACCCGCACAAGCGGTGGAGTATGTGGTTTAATTCGAAGCAACGCGCAGAACCTTACCAACCCTTGACATGGGACGTATG
>pipelines/AmpliconNoise/output_s60_c01_310_1
ATTAGATACCCAGGTAGTCCACGCTGTAAACGATGATTATTAGATGTCGGGGGGGTTACCCTTCGGTATCGCAGCTAACGCATTAAATAATCCGCCTGGGGAGTACGGTCGCAAGATTAAAGCTCAAAGGAATTGACGGGGACCCGCACAAGCGGTGGAGTATGTGGTTTAATTCGAAGCAACGCGCAGAACCTTACCAACCCTTGACATGGGACGTATG
>pipelines/AmpliconNoise/output_s60_c01_311_60
ATTAGATACCCCGGTAGTCCACGCTGTAAACGATGATTATTAGATGTCGGGGGGGTTACCCTTCGGTATCGCAGCTAACGCATTAAATAATCCGCCTGGGGAGTACGGTCGCAAGATTAAAACTCAAAGGAATTGACGGGGACCCGCACAAGCGGTGGAGTATGTGGTTTAATTCGAAGCAACGCGCAGAACCTTACCAACCCTTGACATGGGACGTATG
>pipelines/AmpliconNoise/output_s60_c01_312_1
ATTAGATACCCAGGTAGTCCACGCTGTAAACGATGATTATTAGATGTCGGGGGGGTTACCCTTCGGTATCGCAGCTAACGCATTAAATAATCCGCCTGAGGAGTACGGTCGCAAGATTAAAACTCAAAGGAATTGACGGGGACCCGCACAAGTGGTGGAGTATGTGGTTTAATTCGAAGCAACGCGCAGAACCTTACCAACCCTTGACATGGGACGTATG
>pipelines/AmpliconNoise/output_s60_c01_313_1
ATTAGATACCCGGGTAGTCTACGCTGTAAACGATGATTATTAGATGTCGGGGGGGTTACCCTTCGGTATCGCAGCTAACGCATTAAATAATCCGCCTGGGGAGTACGGTCGCAAGATTAAAACTCAAAGGAATTGACGGGGACCCGCACAAGCGGTGGAGTATGTGGTTTAATTCGAAGCAACGCGCAGAACCTTACTAACCCTTGACATGGGACGTATG
>pipelines/AmpliconNoise/output_s60_c01_314_1
ATTAGATACCCGGGTAGTCCACGCTGTAAACGATGATTATTAGATGTCGGGGGGGTTACCCTTCGGTGTCGCAGCTAACGCCTTAAATAATCCGCCTGGGGAGTACGGTCGCAAGATTAAAACTCAAAGGAATTGACGGGGACCCGCACAAGCGGTGGAGTATGTGGTTTAATTCGAAGCAACGCGCAGAACCTTACCAACCCTTGACATGGGACGTATG
>pipelines/AmpliconNoise/output_s60_c01_315_1
ATTAGATACCCGGGTAGTCCACGCTGTAAACGATGATTATTAGATGTCGAGGGGGTTACCCTTCGGTATCGCAGCTAACGCATTAAATAATCCGCCTGGGGAGTACGGTCGCAAGATTAAAACTCAAAGGAATTGACGGGGACCCGCACAAGCGGTGGAGTATGTGGTTTAATTCGAAGCAACGCGCAGAACCTTACCAACCCTTGACATGGGACGTACG
>pipelines/AmpliconNoise/output_s60_c01_316_1
ATTAGATACCCTGGTAGTCCACGCTGTAAACGATGATTATTAGATGTCGGGGGGGTTACCCTTCGGTATCGCAGCTAACGCATTAAATAATCCGCCTGGGGAGTACGGTCGCAAGATTAAAACTCAAAGGAATTGACGGGGACCCGCACAAGCGGTGGAGTATGTGGTTTAATTCGAAGCAACGCGCAGAACCTTACCAACCCTTGACATGGGACGTATG
>pipelines/AmpliconNoise/output_s60_c01_317_1
ATTAGATACCCTGGTAGTCCACGCTGTAAACGATGATTATTAGATGTCGGGGGGGTTACCCTTCGGTATCGCAGCTAACGCATTAAATAATCCGCCTGGGGAGTACGGCCGCAAGATTAAAACTCAAAGGAATTGACGGGGACCCGCACAAGCGGTGGAGTATGTGGTTTAATTCGAAGCAACGCGCAGAACCTTACCAACCCTTGACATGGGACGTATG
>pipelines/AmpliconNoise/output_s60_c01_318_124
ATTAGATACCCTGGTAGTCCACGCTGTAAACGATGATTATTAGATGTCGGGGGGGTTACCCTTCGGTATCGCAGCTAACGCATTAAATAATCCGCCTGGGGAGTACGGTCGCAAGATTAAAACTCAAAGGAATTGACGGGGACCCGCACAAGCGGTGGAGTATGTGGTTTAATTCGAAGCAACGCGCAGAACCTTACCAACCCTTGACATGGGACGTATG
>pipelines/AmpliconNoise/output_s60_c01_319_1
ATTAGATACCCAGGTAGTCCACGCTGTAAACGATGATTATTAGATGTCGGGGGGGTTACCCTTCGGTATCGCAGCTAACGCATTAAATAATCCGCCTGGGGAGTACGGTCGCAAGATTAAAACTCAAAGGAATTGACGGGGACCCGCACAAGCGGTGGAGTATGTGGCTTAATTCGAAGCAACGCGCAGAACCTTACCAACCCTTGACATGGGACGTATG
>pipelines/AmpliconNoise/output_s60_c01_320_1
ATTAGATACCCCGGTAGTCCACGCTGTAAACGATGATTATTAGATGTCGGGGGGGTTACCCTTCGGTATCGCAGCTAACGCATTAAATAATCCGCCTGGGGAGTACGGTCGCAAGATTAAAACTCAAAGGAATTGACGGGGACCCGCACAAGCGGTGGAGTATGTGGTTTAATTCGAAGCAACGCGCAGAACCTTACCAACCCTTGACATGGGACGTATG
>pipelines/AmpliconNoise/output_s60_c01_321_6
ATTAGATACCCTGGTAGTCCACGCCGTAAACGATGATTATTAGATGTCGGGGGGGTTACCCTTCGGTATCGCAGCTAACGCATTAAATAATCCGCCTGGGGAGTACGGTCGCAAGATTAAAACTCAAAGGAATTGACGGGGACCCGCACAAGCGGTGGAGTATGTGGTTTAATTCGAAGCAACGCGCAGAACCTTACCAACCCTTGACATGGGACGTATG
>pipelines/AmpliconNoise/output_s60_c01_322_36
ATTAGATACCCAGGTAGTCCACGCTGTAAACGATGATTATTAGATGTCGGGGGGGTTACCCTTCGGTATCGCAGCTAACGCATTAAATAATCCGCCTGGGGAGTACGGTCGCAAGATTAAAACTCAAAGGAATTGACGGGGACCCGCACAAGCGGTGGAGTATGTGGTTTAATTCGAAGCAACGCGCAGAACCTTACCAACCCTTGACATGGGACGTATG
>pipelines/AmpliconNoise/output_s60_c01_323_1
ATTAGATACCCCGGTAGTCCACGCTGTAAACGATGATTATTAGATGTCGGGGGGGTTACCCTTCGGCATCGCAGCTAACGCATTAAATAATCCGCCTGGGGAGTACGGTCGCAAGATTAAAACTCAAAGGAATTGACGGGGACCCGCACAAGCGGTGGAGTATGTGGTTTAATTCGAAGCAACGCGCAGAACCTTACCAACCCTTGACATGGGACGTATG
>pipelines/AmpliconNoise/output_s60_c01_324_1
ATTAGATACCCGGGTAGTCCACGCTGTAAACGATGATTATTAGATGTCGGGGGGGTTACCCTTCGGCATCGCAGCTAACGCATTAAATAATCCGCCTGGGGAGTACGGTCGCAAGATTAAAACTCAAAGGAATTGACGGGGACCCGCACAAGCGGTGGAGTATGTGGTTTAATTCGAAGCAACGCGCAGAACCTTACCAACCCTTGACATGGGACGTATG
>pipelines/AmpliconNoise/output_s60_c01_325_1
ATTAGATACCCAGGTAGTCCACGCTGTAAACGATGATTATTAGATGTCGGGGGGGTTACCCTTCGGCATCGCAGCTAACGCATTAAATAATCCGCCTGGGGAGTACGGTCGCAAGATTAAAACTCAAAGGAATTGACGGGGACCCGCACAAGCGGTGGAGTATGTGGTTTAATTCGAAGCAACGCGCAGAACCTTACCAACCCTTGACATGGGACGTATG
>pipelines/AmpliconNoise/output_s60_c01_326_1
ATTAGATACCCAGGTAGTCCACGCTGTAAACGATGATTATTAGATGTCGGGGGGGTTACCCTTCGGTATCGCAGCTAACGCATTAAATAATCCGCCTGGGGAGTACGGTCGCAAGATTAAAACTCAAAGGAATTGACGGGGACCCGCACAAGCGGTGGAGTATGTGGTTTAATTCGAAGCAACGCGCAGAACCTCACCAACCCTTGACATGGGACGTATG
>pipelines/AmpliconNoise/output_s60_c01_327_1
ATTAGATACCCGGGTAGTCCACGCTGTAAACGATGATTATTAGATGTCGGGGGGGTTACCCTTCGGTATCGCAGCTAACGCATTAAATAATCCGCCTGGGGAGTACGGTCGCAAGATTAAAACTCAAAGGAATTGACGGGGACCCGCACAAGCGGTGGAGTATGTGGTTTAATTCGAAGCAACGCGCAGAACCTCACCAACCCTTGACATGGGACGTATG
>pipelines/AmpliconNoise/output_s60_c01_328_1
ATTAGATACCCCGGTAGTCCACGCTGTAAGCGATGATTATTAGATGTCGGGGGGGTTACCCTTCGGTATCGCAGCTAACGCATTAAATAATCCGCCTGGGGAGTACGGTCGCAAGATTAAAACTCAAAGGAATTGACGGGGACCCGCACAAGCGGTGGAGTATGTGGTTTAATTCGAAGCAACGCGCAGAACCTTACCAACCCTTGACATGGGACGTATG
>pipelines/AmpliconNoise/output_s60_c01_329_1
ATTAGATACCCTGGTAGTCCACGCTGTAAGCGATGATTATTAGATGTCGGGGGGGTTACCCTTCGGTATCGCAGCTAACGCATTAAATAATCCGCCTGGGGAGTACGGTCGCAAGATTAAAACTCAAAGGAATTGACGGGGACCCGCACAAGCGGTGGAGTATGTGGTTTAATTCGAAGCAACGCGCAGAACCTTACCAACCCTTGACATGGGACGTATG
>pipelines/AmpliconNoise/output_s60_c01_330_1
ATTAGATACCCAGGTAGTCCACGCTGTAAACGATGATTATTAGATGTCGGGGGGGTTACCCTTCGGTATCGCAGCTAACGCATTAAATAATCCGCCTGGGGAGTACGGTCGCAAGATTAAAACTCAAAGGAATTGACGGGGACCCGCACAAGCGGTGGAGTATGGGGTTTAATTCGAAGCAACGCGCAGAACCTTACCAACCCTTGACATGGGACGTATG
>pipelines/AmpliconNoise/output_s60_c01_331_1
ATTAGATACCCAGGTAGTCCACGCTGTAAACGATGATTATTAGATGTCGGGGGGGTTACCCTTCGGTATCGCAGCTAACGCATTAAATAATCCGCCTGGGGAGTACGGTCGCAAGATTAAAACTCAAAGGAATTGACGGGGACCCGCACAAGCGGTGGAGTATGTGGTTTAATTCGAAGCAGCGCGCAGAACCTTACCAACCCTTGACATGGGACGTATG
>pipelines/AmpliconNoise/output_s60_c01_332_1
ATTAGATACCCAGGTAGTCCACGCTGTAAACGATGATTATTAGATGTCGGGGGGGTTACCCTTCGGTATCGCAGCTAACGCATTAAATAATCCGCCTGGGGAGTACGGTCGCAAGATTAAAACTCAAAGGAATTGACGGAGACCCGCACAAGCGGTGGAGTATGTGGTTTAATTCGAAGCAACGCGCAGAACCTTACCAACCCTTGACATGGGACGTATG
>pipelines/AmpliconNoise/output_s60_c01_333_1
ATTAGATACCCCGGTAGTCCACGCTGTAAACGATGATTATTAGATGTCGGGGGGGTTACCCTTCGGTATCGCAGCTAACGCATTAAATAATCCGCCTGGGGAGTACGGTCGCAAGATTAAAACTCAAAGGAATTGACGGGGACCCGCACAAGCGGTGGAGTATGTGGTTTAATTCGAAACAACGCGCAGAACCTTACCAACCCTTGACATGGGACGTATG
>pipelines/AmpliconNoise/output_s60_c01_334_1
ATTAGATACCCCGGTAGTCCACGCTGTAAACGATGATTATTAGATGTCGGGGGGGTTACCCTTCGGTATCGCAGCTAACGCATTAAATAATCCGCCTGGGGAGTACGGTCGCAAGATTAAAACTCAAAGGAATTGACGGGGACCCGCACAAGCGGTGGAGTATGTGGTTTAATTCGAAGCAACGCGCAGAACCTTACCAACCCTTGACGTGGGACGTATG
>pipelines/AmpliconNoise/output_s60_c01_335_1
ATTAGATACCCCGGTAGTCCACGCTGTAAACGATGATTATTAGATGTCGGGGGGGTTACCCTTCGGTATCGCAGCTAACGCATTAAATAATCCGCCTGGGGAGTACGGTCGCAAGATTAAAACTCAAAGGAATTGACGGGGACCCGCACAAGCGGTGGAGTATGTGGTTTAATTCGAAGCAACGCGCAGAACCTTACCAACCCTTGACATGGGACGTATG
>pipelines/AmpliconNoise/output_s60_c01_336_1
ATTAGATACCCCGGTAGTCCACGCTGTAAACGATGATTATCAGATGTCGGGGGGGTTACCCTTCGGTATCGCAGCTAACGCATTAAATAATCCGCCTGGGGAGTACGGTCGCAAGATTAAAACTCAAAGGAATTGACGGGGACCCGCACAAGCGGTGGAGTATGTGGTTTAATTCGAAGCAACGCGCAGAACCTTACCAACCCTTGACATGGGACGTATG
>pipelines/AmpliconNoise/output_s60_c01_337_1
ATTAGATACCCTGGTAGTCCACGCTGTAAACGATGATTATTAGATGTCGGGGGGGTTATCCTTCGGTATCGCAGCTAACGCATTAAATAATCCGCCTGGGGAGTACGGTCGCAAGATTAAAACTCAAAGGAATTGACGGGGACCCGCACAAGCGGTGGAGTATGTGGTTTAATTCGAAGCAACGCGCAGAACCTTACCAACCCTTGACATGGGACGTATG
>pipelines/AmpliconNoise/output_s60_c01_338_2
ATTAGATACCCTGGTAGTCCACGCTGTAAACGATGATTATTAGATGTCGAGGGGGTTACCCTTCGGTATCGCAGCTAACGCATTAAATAATCCGCCTGGGGAGTACGGTCGCAAGATTAAAACTCAAAGGAATTGACGGGGACCCGCACAAGCGGTGGAGTATGTGGTTTAATTCGAAGCAACGCGCAGAACCTTACCAACCCTTGACATGGGACGTATG
>pipelines/AmpliconNoise/output_s60_c01_339_1
ATTAGATACCCTGGTAGTCCACGCTGTAAACGATGATTATTAGATGTCGGGGGGGTTACCCTTCGGTATCGCAGCTAACGCATTAAATAATCCGCCTGGGGAGTACGGTCGCAAGATTAAAACTCAAAGGAATTGACGGGGACCCGCACAAGCGGTGGAGTATGTGGTTTAATTCGAAGCAACGCGCAGAACCTTACCAACCCTTGACATGGGACGCATG
>pipelines/AmpliconNoise/output_s60_c01_340_1
ATTAGATACCCTGGTAGTCCACGCTGTAAACGATGATTATTAGATGTCGGGGGGGTTACCCTTCGGTATCGCAGCTAACGCATTAAATAATCCGCCTGGGGAGTGCGGTCGCAAGATTAAAACTCAAAGGAATTGACGGGGACCCGCACAAGCGGTGGAGTATGTGGTTTAATTCGAAGCAACGCGCAGAACCTTACCAACCCTTGACATGGGACGTATG
>pipelines/AmpliconNoise/output_s60_c01_341_1
ATTAGATACCCTGGTAGTCCACGCTGTAAACGATGATTATTAGATGTCGGGGGGGTTACCCTTCGGTATCGCAACTAACGCATTAAATAATCCGCCTGGGGAGTACGGTCGCAAGATTAAAACTCAAAGGAATTGACGGGGACCCGCACAAGCGGTGGAGTATGTGGTTTAATTCGAAGCAACGCGCAGAACCTTACCAACCCTTGACATGGGACGTATG
>pipelines/AmpliconNoise/output_s60_c01_342_1
ATTAGATACCCTGGTAGTCCACGCTGTAAACGATGATTATTAGATGTCGGGGGGGTTACCCTTCGGTATCGCAGCTAACGCATTAAATAATCCGCCTGGGGAGTACGGTCGCAAGATTAAAACTCAAAGGAATTGACGGGGACCCGCACAAGCGGTGGAGTATGTGGTTTAATTCGAAGCAACGCGCAGAACCTTACCAACCCTTGACATGGGACGTATG
>pipelines/AmpliconNoise/output_s60_c01_343_4
ATTAGATACCCTGGTAGTCCACGCTGTAAACGATGATTATTAGATGTCGGGGGGGTTACCCTTCGGTATCGTAGCTAACGCATTAAATAATCCGCCTGGGGAGTACGGTCGCAAGATTAAAACTCAAAGGAATTGACGGGGACCCGCACAAGCGGTGGAGTATGTGGTTTAATTCGAAGCAACGCGCAGAACCTTACCAACCCTTGACATGGGACGTATG
>pipelines/AmpliconNoise/output_s60_c01_344_1
ATTAGATACCCTGGTAGTCCACGCTGTAAACGATGATTATTAGATGTCGGGGGGGTTACCCTTCGGTATCGCAGCTAACGCATTAAATAATCCGCCTGGGGAGTACGGTCGCAAGATTAAAACTCAAAGGAATTGACGGGGACCCGCACAAGCGGTGGAGTATGTGGTTTAATTCGAAGCAACGCGCAGAACCTTACCAACCCTTGACACGGGACGTATG
>pipelines/AmpliconNoise/output_s60_c01_345_6
AATTAGATACCCGGGTAGTCCACGCTGTAAACGATGATTATTAGATGTCGGGGGGGTTACCCTTCGGTATCGCAGCTAACGCATTAAATAATCCGCCTGGGGAGTACGGTCGCAAGATTAAAACTCAAAGGAATTGACGGGGACCCGCACAAGCGGTGGAGTATGTGGTTTAATTCGAGGCAACGCGCAGAACCTTACCAACCCTTGACATGGGACGTAT
>pipelines/AmpliconNoise/output_s60_c01_346_1
ATTAGATACCCGGGTAGTCCACGCTGTAAACGATGATTATTAGATGTCGGGGGGGTTACCCTTCGGTATCGCAGCTAACGCATTAGATAATCCGCCTGGGGAGTACGGTCGCAAGATTAAAACTCAAAGGAATTGACGGGGACCCGCACAAGCGGTGGAGTATGTGGTTTAATTCGAAGCAACGCGCAGAACCTTACCAACCCTTGACATGGGACGTATG
>pipelines/AmpliconNoise/output_s60_c01_347_1
ATTAGATACCCGGGTAGTCCACGCTGTAAACGATGATTATTAGATGTCGGGGGGGTTACCCTTCGGTATCGCAGCTAACGCATTAAATAATCCGCCTGGGGAGTACGGTCGCAAGATTAAAACTCAAAGGAATTGACGGGGACCCGCACAAGCGGTGGAGTATGTGGTTTAATTCGAAGCAACGCGCGGAACCTTACCAACCCTTGACATGGGACGTATG
>pipelines/AmpliconNoise/output_s60_c01_348_1
ATTAGATACCCGGGTAGTCCACGCTGTAAACGATGATTATTAGATGTCGGGGGGGTTACCCTTCGGTATCGCAGCTAACGCATTAAATAATCCGCCTGGGGAGTACGGTCGCAAGATTAAAACTCAAAGGAATTGACGGGGACCCGCACAAGCGGTGGAGTATGTGGTTTAATTCGAAGCAACGCGCAGAACCTTACCAACCCTTGACATGGGACGTATG
>pipelines/AmpliconNoise/output_s60_c01_349_1
ATTAGATACCCGGGTAGTCCACGCTGTAAACGATGATTATTAGATGTCGGGGGGGTTACCCTTCGGTATCGCAGCTAACGCATTAAATAATCCGCCTGGGGAGTACGGTCGCAAGATTAAAACTCAAAGGAATTGACGGGGACCCGCACAAGCGGTGGAGTATGTGGTTTAATTCGAAGCAACGCGCAGAACCTTACCAGCCCTTGACATGGGACGTATG
>pipelines/AmpliconNoise/output_s60_c01_350_1
ATTAGATACCCGGGTAGTCCACGCTGTAAACGATGATTATTAGATGTCGGGGGGGTTACCCTTCGGTATCGCAGCTAACGCATTAAATAATCCGCCTGGGGAGTACGGTCGCAAGATTAAAACTCAAAGGAATTGACGGGGACCTGCACAAGCGGTGGAGTATGTGGTTTAATTCGAAGCAACGCGCAGAACCTTACCAACCCTTGACATGGGACGTATG
>pipelines/AmpliconNoise/output_s60_c01_351_2
ATTAGATACCCGGGTAGTCCACGCTGTAAACGATGATTATTAGATGTCGGGGGGGTTACCCTTCGGTATCGCAGCTAACGCATTAAATAATCCGCCTGGGGAGTACGGTCGCAAGATTAAAACTCAAAGGAATTGACGGGGACCCGCACAAGCGGTGGAGTATGTGGTTTAATTCGAAGCAACGCGCAGAACCTTATCAACCCTTGACATGGGACGTATG
>pipelines/AmpliconNoise/output_s60_c01_352_1
ATTAGATACCCGGGTAGTCCACGCTGTAAACGATGATTATTAGATGTCGGGGGGGTTACCCTTCGGTATCGCAGCTAACGCATTAAATAATCCGCCTGGGGAGTACGGTCGCAAGATTAAAACTCAAAGGAATTGACGGGGACCCGCACAAGCGGTGGAGTATGTGGTTTAATTCGAAGCAACGCGCAGAACCTTACCAACCCTTGACATGGGACGTATG
>pipelines/AmpliconNoise/output_s60_c01_353_1
ATTAGATACCCGGGTAGTCCACGCTGTAAACGATGATTATTAGATGTCGGGGGGGTTACCCTTCGGTATCGCAGCTAACGCATTAAATAATCCGCCTGGGGAGTACGGTCGCAAGATTAGAACTCAAAGGAATTGACGGGGACCCGCACAAGCGGTGGAGTATGTGGTTTAATTCGAAGCAACGCGCAGAACCTTACCAACCCTTGACATGGGACGTATG
>pipelines/AmpliconNoise/output_s60_c01_354_1
ATTAGATACCCGGGTAGTCCACGCTGTAAACGATGATTATTAGATGTCGGGGGGGTTACCCTTCGGTATCGCAGCTAACGCATTAAATAATCCGCCTGGGGAGTACGGTCGCAAGATTAAAACTTAAAGGAATTGACGGGGACCCGCACAAGCGGTGGAGTATGTGGTTTAATTCGAAGCAACGCGCAGAACCTTACCAACCCTTGACATGGGACGTATG
>pipelines/AmpliconNoise/output_s60_c01_355_1
ATTAGATACCCGGGTAGTCCACGCTGTAAACGATGATTATTAGATGTCGGGGGGGTTACCCTTCGGTATCGCAGCTAACGCATTAAATAATCCGCCTGGGGAGTACGGTCGCAAGATTAAAACTCAAAGGAATTGACGGGGACCCGCACAAGCGGTGGAGTATGTGGTTTAATTCGAAGCAACGCGCAAAACCTTACCAACCCTTGACATGGGACGTATG
>pipelines/AmpliconNoise/output_s60_c01_356_1
AATTAGATACCCGGGTAGTCCACGCTGTAAACGATGATTATTAGATGTCGGGGGGGTTACCCTTCGGTATCGCAGCTAACGCATTAAATAATCCGCCTGGGGAGTACGGTCGCAAGATTAAAACTCAAAGGAATTGACGGGGACCCGCACAAGCGGTGGAGTATGTGGTTTAATTCGAAGCAACGCGCAGAACCTTACCAACCCTTGACATGAGACGTAT
>pipelines/AmpliconNoise/output_s60_c01_357_1
ATTAGATACCCGGGTAGTCCACGCTGTAAACGATGATTATTAGATGTCGGGGGGGTTACCCTTCGATATCGCAGCTAACGCATTAAATAATCCGCCTGGGGAGTACGGTCGCAAGATTAAAACTCAAAGGAATTGACGGGGACCCGCACAAGCGGTGGAGTATGTGGTTTAATTCGAAGCAACGCGCAGAACCTTACCAACCCTTGACATGGGACGTATG
>pipelines/AmpliconNoise/output_s60_c01_358_1
ATTAGATACCCGGGTAGTCCACGCTGTAAACGATGATTATTAGATGTCGGGGGGGTTACCCTTCGGTATCGCAGCTAACGCATTAAATAATCCGCCTGGGGAGTACGGTCGCAAGATTAAAACTCAGAGGAATTGACGGGGACCCGCACAAGCGGTGGAGTATGTGGTTTAATTCGAAGCAACGCGCAGAACCTTACCAACCCTTGACATGGGACGTATG
>pipelines/AmpliconNoise/output_s60_c01_359_2
ATTAGATACCCGGGTAGTCCACGCTGTGAACGATGATTATTAGATGTCGGGGGGGTTACCCTTCGGTATCGCAGCTAACGCATTAAATAATCCGCCTGGGGAGTACGGTCGCAAGATTAAAACTCAAAGGAATTGACGGGGACCCGCACAAGCGGTGGAGTATGTGGTTTAATTCGAAGCAACGCGCAGAACCTTACCAACCCTTGACATGGGACGTATG
>pipelines/AmpliconNoise/output_s60_c01_360_1
ATTAGATACCCGGGTAGTCCATGCTGTAAACGATGATTATTAGATGTCGGGGGGGTTACCCTTCGGTATCGCAGCTAACGCATTAAATAATCCGCCTGGGGAGTACGGTCGCAAGATTAAAACTCAAAGGAATTGACGGGGACCCGCACAAGCGGTGGAGTATGTGGTTTAATTCGAAGCAACGCGCAGAACCTTACCAACCCTTGACATGGGACGTATG
>pipelines/AmpliconNoise/output_s60_c01_361_1
ATTAGATACCCGGGTAGTCCACGCTGTAAACGATGATTATTAGATGTCGGGGGGGTTACCCTTCGGTATCGCAGCTAACGCATTAAATAATCCGCCTGGGGAGTATGGTCGCAAGATTAAAACTCAAAGGAATTGACGGGGACCCGCACAAGCGGTGGAGTATGTGGTTTAATTCGAAGCAACGCGCAGAACCTTACCAACCCTTGACATGGGACGTATG
>pipelines/AmpliconNoise/output_s60_c01_362_1
ATTAGATACCCTGGTAGCCCACGCTGTAAACGATGATTATTAGATGTCGGGGGGGTTACCCTTCGGTATCGCAGCTAACGCATTAAATAATCCGCCTGGGGAGTACGGTCGCAAGATTAAAACTCAAAGGAATTGACGGGGACCCGCACAAGCGGTGGAGTATGCGGTTTAATTCGAAGCAACGCGCAGAACCTTACCAACCCTTGACATGGGACGTATG
>pipelines/AmpliconNoise/output_s60_c01_363_1
ATTAGATACCCTGGTAGTCCACGCTGTAAACGATGATTATTAGATGTCGGGGGGGTTACCCTTCGGTATCGCAGCTAACGCATTAAATAATCCGCCTGGGGAGTACGGTCGCAAGATTAAAACTCAAAGGAATTGACGGGGACCCGCACAAGCGGTGGGGTATGTGGTTTAATTCGAAGCAACGCGCAGAACCTTACCAACCCTTGACATGGGACGTATG
>pipelines/AmpliconNoise/output_s60_c01_364_1
ATTAGATACCCTGGTAGTCCACGCTGTAAACGATGATTATTAGATGTCGGGGGGGTTACCCGTTCGGTATCGCAGCTAACGCATTAAATAATCCGCCTGGGGAGTACGGTCGCAAGATTAAAACTCAAAGGAATTGACGGGGGACCCGCACAAGCGGTGGAGTATGTGGTTTAATTCGAAGCAACGCGCAGAACCTTACCAACCCTTGACATGGGACGTA
>pipelines/AmpliconNoise/output_s60_c01_365_2
ATTAGATACCCTGGTAGTCCACGCTGTAAACGATGATTATTAGATGTCGGGGGGGTTACCTTTCGGTATCGCAGCTAACGCATTAAATAATCCGCCTGGGGAGTACGGTCGCAAGATTAAAACTCAAAGGAATTGACGGGGACCCGCACAAGCGGTGGAGTATGTGGTTTAATTCGATGCAACGCGAAGAACCTTACCTACCCTTGACATCCAGAGAATC
